Archive member included to satisfy reference by file (symbol)

d:/mcuxpressoide_10.2.1_795/ide/tools/bin/../lib/gcc/arm-none-eabi/7.2.1/../../../../arm-none-eabi/lib/thumb/v7e-m/fpv4-sp/hard\libcr_nohost_nf.a(__ciob.o)
                              ./source/slip.o (__Ciob)
d:/mcuxpressoide_10.2.1_795/ide/tools/bin/../lib/gcc/arm-none-eabi/7.2.1/../../../../arm-none-eabi/lib/thumb/v7e-m/fpv4-sp/hard\libcr_nohost_nf.a(_cr__main.o)
                              ./startup/startup_mk64f12.o (__main)
d:/mcuxpressoide_10.2.1_795/ide/tools/bin/../lib/gcc/arm-none-eabi/7.2.1/../../../../arm-none-eabi/lib/thumb/v7e-m/fpv4-sp/hard\libcr_nohost_nf.a(_cr_assert.o)
                              ./source/sensor.o (__assertion_failed)
d:/mcuxpressoide_10.2.1_795/ide/tools/bin/../lib/gcc/arm-none-eabi/7.2.1/../../../../arm-none-eabi/lib/thumb/v7e-m/fpv4-sp/hard\libcr_nohost_nf.a(__sys_appexit.o)
                              d:/mcuxpressoide_10.2.1_795/ide/tools/bin/../lib/gcc/arm-none-eabi/7.2.1/../../../../arm-none-eabi/lib/thumb/v7e-m/fpv4-sp/hard\libcr_nohost_nf.a(_cr_assert.o) (__sys_appexit)
d:/mcuxpressoide_10.2.1_795/ide/tools/bin/../lib/gcc/arm-none-eabi/7.2.1/../../../../arm-none-eabi/lib/thumb/v7e-m/fpv4-sp/hard\libcr_c.a(memcpy.o)
                              ./source/sreg.o (memcpy)
d:/mcuxpressoide_10.2.1_795/ide/tools/bin/../lib/gcc/arm-none-eabi/7.2.1/../../../../arm-none-eabi/lib/thumb/v7e-m/fpv4-sp/hard\libcr_c.a(memmove.o)
                              ./source/slip.o (memmove)
d:/mcuxpressoide_10.2.1_795/ide/tools/bin/../lib/gcc/arm-none-eabi/7.2.1/../../../../arm-none-eabi/lib/thumb/v7e-m/fpv4-sp/hard\libcr_c.a(memset.o)
                              ./source/sensor.o (memset)
d:/mcuxpressoide_10.2.1_795/ide/tools/bin/../lib/gcc/arm-none-eabi/7.2.1/../../../../arm-none-eabi/lib/thumb/v7e-m/fpv4-sp/hard\libcr_c.a(_deferredlazyseek.o)
                              d:/mcuxpressoide_10.2.1_795/ide/tools/bin/../lib/gcc/arm-none-eabi/7.2.1/../../../../arm-none-eabi/lib/thumb/v7e-m/fpv4-sp/hard\libcr_nohost_nf.a(_cr_assert.o) (__flsbuf)
d:/mcuxpressoide_10.2.1_795/ide/tools/bin/../lib/gcc/arm-none-eabi/7.2.1/../../../../arm-none-eabi/lib/thumb/v7e-m/fpv4-sp/hard\libcr_c.a(_fflush.o)
                              d:/mcuxpressoide_10.2.1_795/ide/tools/bin/../lib/gcc/arm-none-eabi/7.2.1/../../../../arm-none-eabi/lib/thumb/v7e-m/fpv4-sp/hard\libcr_c.a(_deferredlazyseek.o) (_fflush)
d:/mcuxpressoide_10.2.1_795/ide/tools/bin/../lib/gcc/arm-none-eabi/7.2.1/../../../../arm-none-eabi/lib/thumb/v7e-m/fpv4-sp/hard\libcr_c.a(_writebuf.o)
                              d:/mcuxpressoide_10.2.1_795/ide/tools/bin/../lib/gcc/arm-none-eabi/7.2.1/../../../../arm-none-eabi/lib/thumb/v7e-m/fpv4-sp/hard\libcr_c.a(_deferredlazyseek.o) (_Cwritebuf)
d:/mcuxpressoide_10.2.1_795/ide/tools/bin/../lib/gcc/arm-none-eabi/7.2.1/../../../../arm-none-eabi/lib/thumb/v7e-m/fpv4-sp/hard\libcr_c.a(alloc.o)
                              ./drivers/fsl_common.o (malloc)
d:/mcuxpressoide_10.2.1_795/ide/tools/bin/../lib/gcc/arm-none-eabi/7.2.1/../../../../arm-none-eabi/lib/thumb/v7e-m/fpv4-sp/hard\libcr_c.a(fpprintf.o)
                              ./source/slip.o (fprintf)
d:/mcuxpressoide_10.2.1_795/ide/tools/bin/../lib/gcc/arm-none-eabi/7.2.1/../../../../arm-none-eabi/lib/thumb/v7e-m/fpv4-sp/hard\libcr_c.a(fputs.o)
                              d:/mcuxpressoide_10.2.1_795/ide/tools/bin/../lib/gcc/arm-none-eabi/7.2.1/../../../../arm-none-eabi/lib/thumb/v7e-m/fpv4-sp/hard\libcr_nohost_nf.a(_cr_assert.o) (fputs)
d:/mcuxpressoide_10.2.1_795/ide/tools/bin/../lib/gcc/arm-none-eabi/7.2.1/../../../../arm-none-eabi/lib/thumb/v7e-m/fpv4-sp/hard\libcr_c.a(fseek.o)
                              d:/mcuxpressoide_10.2.1_795/ide/tools/bin/../lib/gcc/arm-none-eabi/7.2.1/../../../../arm-none-eabi/lib/thumb/v7e-m/fpv4-sp/hard\libcr_c.a(_deferredlazyseek.o) (fseek)
d:/mcuxpressoide_10.2.1_795/ide/tools/bin/../lib/gcc/arm-none-eabi/7.2.1/../../../../arm-none-eabi/lib/thumb/v7e-m/fpv4-sp/hard\libcr_c.a(ftell.o)
                              d:/mcuxpressoide_10.2.1_795/ide/tools/bin/../lib/gcc/arm-none-eabi/7.2.1/../../../../arm-none-eabi/lib/thumb/v7e-m/fpv4-sp/hard\libcr_c.a(fseek.o) (ftell)
d:/mcuxpressoide_10.2.1_795/ide/tools/bin/../lib/gcc/arm-none-eabi/7.2.1/../../../../arm-none-eabi/lib/thumb/v7e-m/fpv4-sp/hard\libcr_c.a(initio.o)
                              d:/mcuxpressoide_10.2.1_795/ide/tools/bin/../lib/gcc/arm-none-eabi/7.2.1/../../../../arm-none-eabi/lib/thumb/v7e-m/fpv4-sp/hard\libcr_nohost_nf.a(_cr__main.o) (_initio)
d:/mcuxpressoide_10.2.1_795/ide/tools/bin/../lib/gcc/arm-none-eabi/7.2.1/../../../../arm-none-eabi/lib/thumb/v7e-m/fpv4-sp/hard\libcr_c.a(printf.o)
                              d:/mcuxpressoide_10.2.1_795/ide/tools/bin/../lib/gcc/arm-none-eabi/7.2.1/../../../../arm-none-eabi/lib/thumb/v7e-m/fpv4-sp/hard\libcr_c.a(fpprintf.o) (__vfprintf)
[...]
Memory Configuration

Name             Origin             Length             Attributes
PROGRAM_FLASH    0x00000000         0x00100000         xr
SRAM_UPPER       0x20000000         0x00030000         xrw
SRAM_LOWER       0x1fff0000         0x00010000         xrw
FLEX_RAM         0x14000000         0x00001000         xrw
*default*        0x00000000         0xffffffff

Linker script and memory map

LOAD ./startup/startup_mk64f12.o
LOAD ./source/semihost_hardfault.o
LOAD ./source/sensor.o
LOAD ./source/slip.o
LOAD ./source/sreg.o
LOAD ./drivers/fsl_clock.o
LOAD ./drivers/fsl_common.o
LOAD ./drivers/fsl_dmamux.o
LOAD ./drivers/fsl_edma.o
LOAD ./drivers/fsl_ftfx_cache.o
LOAD ./drivers/fsl_ftfx_controller.o
LOAD ./drivers/fsl_ftfx_flash.o
LOAD ./drivers/fsl_ftfx_flexnvm.o
LOAD ./drivers/fsl_ftm.o
LOAD ./drivers/fsl_gpio.o
LOAD ./drivers/fsl_i2c.o
LOAD ./drivers/fsl_i2c_edma.o
LOAD ./drivers/fsl_uart.o
LOAD ./drivers/fsl_wdog.o
LOAD ./board/board.o
LOAD ./board/clock_config.o
LOAD ./board/peripherals.o
LOAD ./board/pin_mux.o
LOAD ./CMSIS/system_MK64F12.o
START GROUP
LOAD d:/mcuxpressoide_10.2.1_795/ide/tools/bin/../lib/gcc/arm-none-eabi/7.2.1/../../../../arm-none-eabi/lib/thumb/v7e-m/fpv4-sp/hard\libcr_nohost_nf.a
LOAD d:/mcuxpressoide_10.2.1_795/ide/tools/bin/../lib/gcc/arm-none-eabi/7.2.1/../../../../arm-none-eabi/lib/thumb/v7e-m/fpv4-sp/hard\libcr_c.a
LOAD d:/mcuxpressoide_10.2.1_795/ide/tools/bin/../lib/gcc/arm-none-eabi/7.2.1/thumb/v7e-m/fpv4-sp/hard\libcr_eabihelpers.a
END GROUP
                0x00000000                __base_PROGRAM_FLASH = 0x0
                0x00000000                __base_Flash = 0x0
                0x00100000                __top_PROGRAM_FLASH = 0x100000
                0x00100000                __top_Flash = 0x100000
                0x20000000                __base_SRAM_UPPER = 0x20000000
                0x20000000                __base_RAM = 0x20000000
                0x20030000                __top_SRAM_UPPER = 0x20030000
                0x20030000                __top_RAM = 0x20030000
                0x1fff0000                __base_SRAM_LOWER = 0x1fff0000
                0x1fff0000                __base_RAM2 = 0x1fff0000
                0x20000000                __top_SRAM_LOWER = 0x20000000
                0x20000000                __top_RAM2 = 0x20000000
                0x14000000                __base_FLEX_RAM = 0x14000000
                0x14000000                __base_RAM3 = 0x14000000
                0x14001000                __top_FLEX_RAM = 0x14001000
                0x14001000                __top_RAM3 = 0x14001000

.text           0x00000000     0x89d0
 FILL mask 0xff
                0x00000000                __vectors_start__ = ABSOLUTE (.)
 *(SORT_BY_ALIGNMENT(.isr_vector))
 .isr_vector    0x00000000      0x198 ./startup/startup_mk64f12.o
                0x00000000                g_pfnVectors
                0x00000000                __Vectors
                0x00000198                . = ALIGN (0x4)
                0x00000198                __section_table_start = .
                0x00000198                __data_section_table = .
                0x00000198        0x4 LONG 0x89d0 LOADADDR (.data)
                0x0000019c        0x4 LONG 0x20000000 ADDR (.data)
                0x000001a0        0x4 LONG 0x18 SIZEOF (.data)
                0x000001a4        0x4 LONG 0x89d0 LOADADDR (.data_RAM2)
                0x000001a8        0x4 LONG 0x1fff0000 ADDR (.data_RAM2)
                0x000001ac        0x4 LONG 0x0 SIZEOF (.data_RAM2)
                0x000001b0        0x4 LONG 0x89d0 LOADADDR (.data_RAM3)
                0x000001b4        0x4 LONG 0x14000000 ADDR (.data_RAM3)
                0x000001b8        0x4 LONG 0x0 SIZEOF (.data_RAM3)
                0x000001bc                __data_section_table_end = .
                0x000001bc                __bss_section_table = .
                0x000001bc        0x4 LONG 0x20000018 ADDR (.bss)
                0x000001c0        0x4 LONG 0x1c8 SIZEOF (.bss)
                0x000001c4        0x4 LONG 0x1fff0000 ADDR (.bss_RAM2)
                0x000001c8        0x4 LONG 0x0 SIZEOF (.bss_RAM2)
                0x000001cc        0x4 LONG 0x14000000 ADDR (.bss_RAM3)
                0x000001d0        0x4 LONG 0x0 SIZEOF (.bss_RAM3)
                0x000001d4                __bss_section_table_end = .
                0x000001d4                __section_table_end = .
 *(SORT_BY_ALIGNMENT(.after_vectors*))
 .after_vectors.reset
                0x000001d4       0x4c ./startup/startup_mk64f12.o
                0x000001d4                ResetISR
 .after_vectors.init_data
                0x00000220       0x1e ./startup/startup_mk64f12.o
                0x00000220                data_init
 .after_vectors.init_bss
                0x0000023e       0x12 ./startup/startup_mk64f12.o
                0x0000023e                bss_init
 .after_vectors
                0x00000250       0x14 ./startup/startup_mk64f12.o
                0x00000250                NMI_Handler
                0x00000254                MemManage_Handler
                0x00000256                BusFault_Handler
                0x00000258                UsageFault_Handler
                0x0000025a                SVC_Handler
                0x0000025c                DebugMon_Handler
                0x0000025e                PendSV_Handler
                0x00000262                FTM1_DriverIRQHandler
                0x00000262                FTM2_DriverIRQHandler
                0x00000262                PIT2_DriverIRQHandler
                0x00000262                SDHC_DriverIRQHandler
                0x00000262                I2S0_Tx_DriverIRQHandler
                0x00000262                RTC_Seconds_DriverIRQHandler
                0x00000262                LLWU_DriverIRQHandler
                0x00000262                MCM_DriverIRQHandler
                0x00000262                MCG_DriverIRQHandler
                0x00000262                ENET_1588_Timer_DriverIRQHandler
                0x00000262                DAC1_DriverIRQHandler
                0x00000262                DMA_Error_DriverIRQHandler
                0x00000262                CMP1_DriverIRQHandler
                0x00000262                FTM0_DriverIRQHandler
                0x00000262                IntDefaultHandler
                0x00000262                USB0_DriverIRQHandler
                0x00000262                UART5_ERR_DriverIRQHandler
                0x00000262                PORTC_DriverIRQHandler
                0x00000262                DAC0_DriverIRQHandler
                0x00000262                CMP2_DriverIRQHandler
                0x00000262                UART2_ERR_DriverIRQHandler
                0x00000262                SPI2_DriverIRQHandler
                0x00000262                LPTMR0_DriverIRQHandler
                0x00000262                PIT0_DriverIRQHandler
                0x00000262                RNG_DriverIRQHandler
                0x00000262                USBDCD_DriverIRQHandler
                0x00000262                UART3_ERR_DriverIRQHandler
                0x00000262                UART0_ERR_DriverIRQHandler
                0x00000262                CMT_DriverIRQHandler
                0x00000262                Reserved71_DriverIRQHandler
                0x00000262                ADC1_DriverIRQHandler
                0x00000262                PORTA_DriverIRQHandler
                0x00000262                PIT3_DriverIRQHandler
                0x00000262                PIT1_DriverIRQHandler
                0x00000262                WDOG_EWM_DriverIRQHandler
                0x00000262                PDB0_DriverIRQHandler
                0x00000262                RTC_DriverIRQHandler
                0x00000262                I2S0_Rx_DriverIRQHandler
                0x00000262                Read_Collision_DriverIRQHandler
                0x00000262                SWI_DriverIRQHandler
                0x00000262                UART4_ERR_DriverIRQHandler
                0x00000262                SPI1_DriverIRQHandler
                0x00000262                UART0_LON_DriverIRQHandler
                0x00000262                PORTB_DriverIRQHandler
                0x00000262                ENET_Receive_DriverIRQHandler
                0x00000262                ENET_Error_DriverIRQHandler
                0x00000262                SPI0_DriverIRQHandler
                0x00000262                ADC0_DriverIRQHandler
                0x00000262                CMP0_DriverIRQHandler
                0x00000262                CAN0_DriverIRQHandler
                0x00000262                FTM3_DriverIRQHandler
                0x00000262                LVD_LVW_DriverIRQHandler
                0x00000262                UART1_ERR_DriverIRQHandler
                0x00000262                ENET_Transmit_DriverIRQHandler
                0x00000262                PORTD_DriverIRQHandler
                0x00000262                PORTE_DriverIRQHandler
                0x00000262                FTFE_DriverIRQHandler
                0x00000400                . = 0x400
 *fill*         0x00000264      0x19c ff
                0x00000400                PROVIDE (__FLASH_CONFIG_START__, .)
 *(SORT_BY_ALIGNMENT(.FlashConfig))
 .FlashConfig   0x00000400       0x10 ./startup/startup_mk64f12.o
                0x00000400                Flash_Config
                0x00000410                PROVIDE (__FLASH_CONFIG_END__, .)
                0x00000001                ASSERT (! ((__FLASH_CONFIG_START__ == __FLASH_CONFIG_END__)), Linker Flash Config Support Enabled, but no .FlashConfig section provided within application)
 *(SORT_BY_ALIGNMENT(.text*))
 .text.fp_display
                0x00000410      0x974 d:/mcuxpressoide_10.2.1_795/ide/tools/bin/../lib/gcc/arm-none-eabi/7.2.1/../../../../arm-none-eabi/lib/thumb/v7e-m/fpv4-sp/hard\libcr_c.a(fpprintf.o)
 *fill*         0x00000d84        0x4 ff
 .text._frexpl  0x00000d88       0x68 d:/mcuxpressoide_10.2.1_795/ide/tools/bin/../lib/gcc/arm-none-eabi/7.2.1/../../../../arm-none-eabi/lib/thumb/v7e-m/fpv4-sp/hard\libcr_c.a(_frexpl.o)
                0x00000d88                _frexpl
 .text._ldexpl  0x00000df0       0x58 d:/mcuxpressoide_10.2.1_795/ide/tools/bin/../lib/gcc/arm-none-eabi/7.2.1/../../../../arm-none-eabi/lib/thumb/v7e-m/fpv4-sp/hard\libcr_c.a(_ldexpl.o)
                0x00000df0                _ldexpl
 .text.__NVIC_EnableIRQ
                0x00000e48       0x3c ./source/sensor.o
 .text.__NVIC_SetPriority
                0x00000e84       0x54 ./source/sensor.o
 .text.SysTick_Config
                0x00000ed8       0x44 ./source/sensor.o
 .text.DMAMUX_EnableChannel
                0x00000f1c       0x3c ./source/sensor.o
 .text.DMAMUX_SetSource
                0x00000f58       0x4c ./source/sensor.o
 .text.i2c_master_callback
                0x00000fa4       0x3c ./source/sensor.o
 .text.SysTick_Handler
                0x00000fe0       0x24 ./source/sensor.o
                0x00000fe0                SysTick_Handler
 .text.FTM0_IRQHandler
                0x00001004       0x6c ./source/sensor.o
                0x00001004                FTM0_IRQHandler
 .text.__slip_read
                0x00001070       0x50 ./source/sensor.o
 .text.main     0x000010c0      0x204 ./source/sensor.o
                0x000010c0                main
 .text.slip_transmit
                0x000012c4       0x98 ./source/slip.o
                0x000012c4                slip_transmit
 .text.slip_unesc
                0x0000135c      0x158 ./source/slip.o
 .text.slip_alloc
                0x000014b4       0x5c ./source/slip.o
                0x000014b4                slip_alloc
 .text.__bump   0x00001510      0x108 ./source/sreg.o
 .text.sreg_alloc
                0x00001618       0x8c ./source/sreg.o
                0x00001618                sreg_alloc
 .text.CLOCK_SetEr32kClock
                0x000016a4       0x30 ./drivers/fsl_clock.o
 .text.CLOCK_SetPllFllSelClock
                0x000016d4       0x3c ./drivers/fsl_clock.o
 .text.CLOCK_GetMcgExtClkFreq
                0x00001710       0x78 ./drivers/fsl_clock.o
 .text.CLOCK_GetFllExtRefClkFreq
                0x00001788       0xd0 ./drivers/fsl_clock.o
 .text.CLOCK_GetInternalRefClkSelectFreq
                0x00001858       0x44 ./drivers/fsl_clock.o
 .text.CLOCK_GetFllRefClkFreq
                0x0000189c       0x2c ./drivers/fsl_clock.o
 .text.CLOCK_GetOsc0ErClkFreq
                0x000018c8       0x38 ./drivers/fsl_clock.o
                0x000018c8                CLOCK_GetOsc0ErClkFreq
 .text.CLOCK_GetEr32kClkFreq
                0x00001900       0x70 ./drivers/fsl_clock.o
                0x00001900                CLOCK_GetEr32kClkFreq
 .text.CLOCK_GetPllFllSelClkFreq
                0x00001970       0x54 ./drivers/fsl_clock.o
                0x00001970                CLOCK_GetPllFllSelClkFreq
 .text.CLOCK_GetFreq
                0x000019c4      0x148 ./drivers/fsl_clock.o
                0x000019c4                CLOCK_GetFreq
 .text.CLOCK_SetSimConfig
                0x00001b0c       0x38 ./drivers/fsl_clock.o
                0x00001b0c                CLOCK_SetSimConfig
 .text.CLOCK_GetOutClkFreq
                0x00001b44       0x64 ./drivers/fsl_clock.o
                0x00001b44                CLOCK_GetOutClkFreq
 .text.CLOCK_GetFllFreq
                0x00001ba8       0x7c ./drivers/fsl_clock.o
                0x00001ba8                CLOCK_GetFllFreq
 .text.CLOCK_GetInternalRefClkFreq
                0x00001c24       0x24 ./drivers/fsl_clock.o
                0x00001c24                CLOCK_GetInternalRefClkFreq
 .text.CLOCK_GetPll0Freq
                0x00001c48       0x68 ./drivers/fsl_clock.o
                0x00001c48                CLOCK_GetPll0Freq
 .text.CLOCK_SetInternalRefClkConfig
                0x00001cb0      0x104 ./drivers/fsl_clock.o
                0x00001cb0                CLOCK_SetInternalRefClkConfig
 .text.CLOCK_SetFeiMode
                0x00001db4       0xc0 ./drivers/fsl_clock.o
                0x00001db4                CLOCK_SetFeiMode
 .text.DMAMUX_GetInstance
                0x00001e74       0x44 ./drivers/fsl_dmamux.o
 .text.DMAMUX_Init
                0x00001eb8       0x24 ./drivers/fsl_dmamux.o
                0x00001eb8                DMAMUX_Init
 .text.__NVIC_EnableIRQ
                0x00001edc       0x3c ./drivers/fsl_edma.o
 .text.EDMA_GetInstance
                0x00001f18       0x44 ./drivers/fsl_edma.o
 .text.EDMA_InstallTCD
                0x00001f5c      0x148 ./drivers/fsl_edma.o
                0x00001f5c                EDMA_InstallTCD
 .text.EDMA_Init
                0x000020a4       0x80 ./drivers/fsl_edma.o
                0x000020a4                EDMA_Init
 .text.EDMA_GetDefaultConfig
                0x00002124       0x38 ./drivers/fsl_edma.o
                0x00002124                EDMA_GetDefaultConfig
 .text.EDMA_SetTransferConfig
                0x0000215c       0x60 ./drivers/fsl_edma.o
                0x0000215c                EDMA_SetTransferConfig
 .text.EDMA_TcdReset
                0x000021bc       0x78 ./drivers/fsl_edma.o
                0x000021bc                EDMA_TcdReset
 .text.EDMA_TcdSetTransferConfig
                0x00002234       0xe8 ./drivers/fsl_edma.o
                0x00002234                EDMA_TcdSetTransferConfig
 .text.Get_StartInstance
                0x0000231c       0x24 ./drivers/fsl_edma.o
 .text.EDMA_CreateHandle
                0x00002340       0xe4 ./drivers/fsl_edma.o
                0x00002340                EDMA_CreateHandle
 .text.EDMA_SetCallback
                0x00002424       0x30 ./drivers/fsl_edma.o
                0x00002424                EDMA_SetCallback
 .text.EDMA_SubmitTransfer
                0x00002454      0x2c4 ./drivers/fsl_edma.o
                0x00002454                EDMA_SubmitTransfer
 .text.EDMA_StartTransfer
                0x00002718       0xac ./drivers/fsl_edma.o
                0x00002718                EDMA_StartTransfer
 .text.EDMA_HandleIRQ
                0x000027c4      0x144 ./drivers/fsl_edma.o
                0x000027c4                EDMA_HandleIRQ
 .text.DMA0_DriverIRQHandler
                0x00002908       0x1c ./drivers/fsl_edma.o
                0x00002908                DMA0_DriverIRQHandler
 .text.DMA1_DriverIRQHandler
                0x00002924       0x1c ./drivers/fsl_edma.o
                0x00002924                DMA1_DriverIRQHandler
 .text.DMA2_DriverIRQHandler
                0x00002940       0x1c ./drivers/fsl_edma.o
                0x00002940                DMA2_DriverIRQHandler
 .text.DMA3_DriverIRQHandler
                0x0000295c       0x1c ./drivers/fsl_edma.o
                0x0000295c                DMA3_DriverIRQHandler
 .text.DMA4_DriverIRQHandler
                0x00002978       0x1c ./drivers/fsl_edma.o
                0x00002978                DMA4_DriverIRQHandler
 .text.DMA5_DriverIRQHandler
                0x00002994       0x1c ./drivers/fsl_edma.o
                0x00002994                DMA5_DriverIRQHandler
 .text.DMA6_DriverIRQHandler
                0x000029b0       0x1c ./drivers/fsl_edma.o
                0x000029b0                DMA6_DriverIRQHandler
 .text.DMA7_DriverIRQHandler
                0x000029cc       0x1c ./drivers/fsl_edma.o
                0x000029cc                DMA7_DriverIRQHandler
 .text.DMA8_DriverIRQHandler
                0x000029e8       0x1c ./drivers/fsl_edma.o
                0x000029e8                DMA8_DriverIRQHandler
 .text.DMA9_DriverIRQHandler
                0x00002a04       0x1c ./drivers/fsl_edma.o
                0x00002a04                DMA9_DriverIRQHandler
 .text.DMA10_DriverIRQHandler
                0x00002a20       0x1c ./drivers/fsl_edma.o
                0x00002a20                DMA10_DriverIRQHandler
 .text.DMA11_DriverIRQHandler
                0x00002a3c       0x1c ./drivers/fsl_edma.o
                0x00002a3c                DMA11_DriverIRQHandler
 .text.DMA12_DriverIRQHandler
                0x00002a58       0x1c ./drivers/fsl_edma.o
                0x00002a58                DMA12_DriverIRQHandler
 .text.DMA13_DriverIRQHandler
                0x00002a74       0x1c ./drivers/fsl_edma.o
                0x00002a74                DMA13_DriverIRQHandler
 .text.DMA14_DriverIRQHandler
                0x00002a90       0x1c ./drivers/fsl_edma.o
                0x00002a90                DMA14_DriverIRQHandler
 .text.DMA15_DriverIRQHandler
                0x00002aac       0x1c ./drivers/fsl_edma.o
                0x00002aac                DMA15_DriverIRQHandler
 .text.FTM_GetInstance
                0x00002ac8       0x54 ./drivers/fsl_ftm.o
 .text.FTM_SetPwmSync
                0x00002b1c      0x11c ./drivers/fsl_ftm.o
 .text.FTM_SetReloadPoints
                0x00002c38      0x174 ./drivers/fsl_ftm.o
 .text.FTM_Init
                0x00002dac       0xf4 ./drivers/fsl_ftm.o
                0x00002dac                FTM_Init
 .text.FTM_GetDefaultConfig
                0x00002ea0       0x68 ./drivers/fsl_ftm.o
                0x00002ea0                FTM_GetDefaultConfig
 .text.GPIO_PinInit
                0x00002f08       0x64 ./drivers/fsl_gpio.o
                0x00002f08                GPIO_PinInit
 .text.I2C_GetInstance
                0x00002f6c       0x4c ./drivers/fsl_i2c.o
                0x00002f6c                I2C_GetInstance
 .text.I2C_TransferCommonIRQHandler
                0x00002fb8       0x50 ./drivers/fsl_i2c.o
 .text.I2C_MasterInit
                0x00003008       0xdc ./drivers/fsl_i2c.o
                0x00003008                I2C_MasterInit
 .text.I2C_MasterGetDefaultConfig
                0x000030e4       0x3c ./drivers/fsl_i2c.o
                0x000030e4                I2C_MasterGetDefaultConfig
 .text.I2C_MasterSetBaudRate
                0x00003120       0xe0 ./drivers/fsl_i2c.o
                0x00003120                I2C_MasterSetBaudRate
 .text.I2C0_DriverIRQHandler
                0x00003200       0x1c ./drivers/fsl_i2c.o
                0x00003200                I2C0_DriverIRQHandler
 .text.I2C1_DriverIRQHandler
                0x0000321c       0x1c ./drivers/fsl_i2c.o
                0x0000321c                I2C1_DriverIRQHandler
 .text.I2C2_DriverIRQHandler
                0x00003238       0x1c ./drivers/fsl_i2c.o
                0x00003238                I2C2_DriverIRQHandler
 .text.I2C_InitTransferStateMachineEDMA
                0x00003254      0x1e4 ./drivers/fsl_i2c_edma.o
 .text.I2C_MasterCreateEDMAHandle
                0x00003438       0x8c ./drivers/fsl_i2c_edma.o
                0x00003438                I2C_MasterCreateEDMAHandle
 .text.I2C_MasterTransferEDMA
                0x000034c4      0x160 ./drivers/fsl_i2c_edma.o
                0x000034c4                I2C_MasterTransferEDMA
 .text.UART_GetInstance
                0x00003624       0x54 ./drivers/fsl_uart.o
                0x00003624                UART_GetInstance
 .text.UART_Init
                0x00003678      0x2d8 ./drivers/fsl_uart.o
                0x00003678                UART_Init
 .text.UART_GetDefaultConfig
                0x00003950       0x60 ./drivers/fsl_uart.o
                0x00003950                UART_GetDefaultConfig
 .text.UART_ReadBlocking
                0x000039b0       0x90 ./drivers/fsl_uart.o
                0x000039b0                UART_ReadBlocking
 .text.UART0_DriverIRQHandler
                0x00003a40       0x28 ./drivers/fsl_uart.o
                0x00003a40                UART0_DriverIRQHandler
 .text.UART1_DriverIRQHandler
                0x00003a68       0x28 ./drivers/fsl_uart.o
                0x00003a68                UART1_DriverIRQHandler
 .text.UART2_DriverIRQHandler
                0x00003a90       0x28 ./drivers/fsl_uart.o
                0x00003a90                UART2_DriverIRQHandler
 .text.UART3_DriverIRQHandler
                0x00003ab8       0x28 ./drivers/fsl_uart.o
                0x00003ab8                UART3_DriverIRQHandler
 .text.UART4_DriverIRQHandler
                0x00003ae0       0x28 ./drivers/fsl_uart.o
                0x00003ae0                UART4_DriverIRQHandler
 .text.UART5_DriverIRQHandler
                0x00003b08       0x28 ./drivers/fsl_uart.o
                0x00003b08                UART5_DriverIRQHandler
 .text.CLOCK_SetSimSafeDivs
                0x00003b30       0x20 ./board/clock_config.o
 .text.BOARD_BootClockRUN
                0x00003b50       0x40 ./board/clock_config.o
                0x00003b50                BOARD_BootClockRUN
 .text.BOARD_InitPins
                0x00003b90      0x10c ./board/pin_mux.o
                0x00003b90                BOARD_InitPins
 .text.SystemInit
                0x00003c9c       0x3c ./CMSIS/system_MK64F12.o
                0x00003c9c                SystemInit
 .text.__assertion_failed
                0x00003cd8       0x4c d:/mcuxpressoide_10.2.1_795/ide/tools/bin/../lib/gcc/arm-none-eabi/7.2.1/../../../../arm-none-eabi/lib/thumb/v7e-m/fpv4-sp/hard\libcr_nohost_nf.a(_cr_assert.o)
                0x00003cd8                __assertion_failed
 .text._Cwritebuf
                0x00003d24       0x6c d:/mcuxpressoide_10.2.1_795/ide/tools/bin/../lib/gcc/arm-none-eabi/7.2.1/../../../../arm-none-eabi/lib/thumb/v7e-m/fpv4-sp/hard\libcr_c.a(_writebuf.o)
                0x00003d24                _Cwritebuf
 .text.malloc   0x00003d90       0xc8 d:/mcuxpressoide_10.2.1_795/ide/tools/bin/../lib/gcc/arm-none-eabi/7.2.1/../../../../arm-none-eabi/lib/thumb/v7e-m/fpv4-sp/hard\libcr_c.a(alloc.o)
                0x00003d90                malloc
 .text._Csys_alloc
                0x00003e58       0x20 d:/mcuxpressoide_10.2.1_795/ide/tools/bin/../lib/gcc/arm-none-eabi/7.2.1/../../../../arm-none-eabi/lib/thumb/v7e-m/fpv4-sp/hard\libcr_c.a(alloc.o)
                0x00003e58                _Csys_alloc
 .text.fprintf  0x00003e78       0x30 d:/mcuxpressoide_10.2.1_795/ide/tools/bin/../lib/gcc/arm-none-eabi/7.2.1/../../../../arm-none-eabi/lib/thumb/v7e-m/fpv4-sp/hard\libcr_c.a(fpprintf.o)
                0x00003e78                fprintf
 .text.printf_char
                0x00003ea8       0x34 d:/mcuxpressoide_10.2.1_795/ide/tools/bin/../lib/gcc/arm-none-eabi/7.2.1/../../../../arm-none-eabi/lib/thumb/v7e-m/fpv4-sp/hard\libcr_c.a(fpprintf.o)
                0x00003ea8                printf_char
 .text.sprintf  0x00003edc       0x6c d:/mcuxpressoide_10.2.1_795/ide/tools/bin/../lib/gcc/arm-none-eabi/7.2.1/../../../../arm-none-eabi/lib/thumb/v7e-m/fpv4-sp/hard\libcr_c.a(fpprintf.o)
                0x00003edc                sprintf
 .text.fseek    0x00003f48      0x100 d:/mcuxpressoide_10.2.1_795/ide/tools/bin/../lib/gcc/arm-none-eabi/7.2.1/../../../../arm-none-eabi/lib/thumb/v7e-m/fpv4-sp/hard\libcr_c.a(fseek.o)
                0x00003f48                fseek
 .text.ftell    0x00004048       0x44 d:/mcuxpressoide_10.2.1_795/ide/tools/bin/../lib/gcc/arm-none-eabi/7.2.1/../../../../arm-none-eabi/lib/thumb/v7e-m/fpv4-sp/hard\libcr_c.a(ftell.o)
                0x00004048                ftell
 .text._initio  0x0000408c       0x78 d:/mcuxpressoide_10.2.1_795/ide/tools/bin/../lib/gcc/arm-none-eabi/7.2.1/../../../../arm-none-eabi/lib/thumb/v7e-m/fpv4-sp/hard\libcr_c.a(initio.o)
                0x0000408c                _initio
 .text.__vfprintf
                0x00004104      0xb98 d:/mcuxpressoide_10.2.1_795/ide/tools/bin/../lib/gcc/arm-none-eabi/7.2.1/../../../../arm-none-eabi/lib/thumb/v7e-m/fpv4-sp/hard\libcr_c.a(printf.o)
                0x00004104                __vfprintf
 .text.setvbuf  0x00004c9c       0x40 d:/mcuxpressoide_10.2.1_795/ide/tools/bin/../lib/gcc/arm-none-eabi/7.2.1/../../../../arm-none-eabi/lib/thumb/v7e-m/fpv4-sp/hard\libcr_c.a(setvbuf.o)
                0x00004c9c                setvbuf
 .text._sbrk    0x00004cdc       0x3c d:/mcuxpressoide_10.2.1_795/ide/tools/bin/../lib/gcc/arm-none-eabi/7.2.1/../../../../arm-none-eabi/lib/thumb/v7e-m/fpv4-sp/hard\libcr_c.a(_cr_sbrk.o)
                0x00004cdc                _sbrk
 .text.fflush   0x00004d18       0x44 d:/mcuxpressoide_10.2.1_795/ide/tools/bin/../lib/gcc/arm-none-eabi/7.2.1/../../../../arm-none-eabi/lib/thumb/v7e-m/fpv4-sp/hard\libcr_c.a(fflush.o)
                0x00004d18                fflush
 .text.__check_heap_overflow
                0x00004d5c       0x18 d:/mcuxpressoide_10.2.1_795/ide/tools/bin/../lib/gcc/arm-none-eabi/7.2.1/../../../../arm-none-eabi/lib/thumb/v7e-m/fpv4-sp/hard\libcr_c.a(_cr_check_heap.o)
                0x00004d5c                __check_heap_overflow
 .text.__aeabi_dmul
                0x00004d74      0x11c d:/mcuxpressoide_10.2.1_795/ide/tools/bin/../lib/gcc/arm-none-eabi/7.2.1/thumb/v7e-m/fpv4-sp/hard\libcr_eabihelpers.a(double.o)
                0x00004d74                __aeabi_dmul
 .text.__aeabi_ddiv
                0x00004e90      0x138 d:/mcuxpressoide_10.2.1_795/ide/tools/bin/../lib/gcc/arm-none-eabi/7.2.1/thumb/v7e-m/fpv4-sp/hard\libcr_eabihelpers.a(double.o)
                0x00004e90                __aeabi_ddiv
 .text.__aeabi_dsub
                0x00004fc8      0x1b4 d:/mcuxpressoide_10.2.1_795/ide/tools/bin/../lib/gcc/arm-none-eabi/7.2.1/thumb/v7e-m/fpv4-sp/hard\libcr_eabihelpers.a(double.o)
                0x00004fc8                __aeabi_dsub
 .text.__aeabi_dadd
                0x0000517c      0x10c d:/mcuxpressoide_10.2.1_795/ide/tools/bin/../lib/gcc/arm-none-eabi/7.2.1/thumb/v7e-m/fpv4-sp/hard\libcr_eabihelpers.a(double.o)
                0x0000517c                __aeabi_dadd
 .text.DMA0_IRQHandler
                0x00005288        0x8 ./startup/startup_mk64f12.o
                0x00005288                DMA0_IRQHandler
 .text.DMA1_IRQHandler
                0x00005290        0x8 ./startup/startup_mk64f12.o
                0x00005290                DMA1_IRQHandler
 .text.DMA2_IRQHandler
                0x00005298        0x8 ./startup/startup_mk64f12.o
                0x00005298                DMA2_IRQHandler
 .text.DMA3_IRQHandler
                0x000052a0        0x8 ./startup/startup_mk64f12.o
                0x000052a0                DMA3_IRQHandler
 .text.DMA4_IRQHandler
                0x000052a8        0x8 ./startup/startup_mk64f12.o
                0x000052a8                DMA4_IRQHandler
 .text.DMA5_IRQHandler
                0x000052b0        0x8 ./startup/startup_mk64f12.o
                0x000052b0                DMA5_IRQHandler
 .text.DMA6_IRQHandler
                0x000052b8        0x8 ./startup/startup_mk64f12.o
                0x000052b8                DMA6_IRQHandler
 .text.DMA7_IRQHandler
                0x000052c0        0x8 ./startup/startup_mk64f12.o
                0x000052c0                DMA7_IRQHandler
 .text.DMA8_IRQHandler
                0x000052c8        0x8 ./startup/startup_mk64f12.o
                0x000052c8                DMA8_IRQHandler
 .text.DMA9_IRQHandler
                0x000052d0        0x8 ./startup/startup_mk64f12.o
                0x000052d0                DMA9_IRQHandler
 .text.DMA10_IRQHandler
                0x000052d8        0x8 ./startup/startup_mk64f12.o
                0x000052d8                DMA10_IRQHandler
 .text.DMA11_IRQHandler
                0x000052e0        0x8 ./startup/startup_mk64f12.o
                0x000052e0                DMA11_IRQHandler
 .text.DMA12_IRQHandler
                0x000052e8        0x8 ./startup/startup_mk64f12.o
                0x000052e8                DMA12_IRQHandler
 .text.DMA13_IRQHandler
                0x000052f0        0x8 ./startup/startup_mk64f12.o
                0x000052f0                DMA13_IRQHandler
 .text.DMA14_IRQHandler
                0x000052f8        0x8 ./startup/startup_mk64f12.o
                0x000052f8                DMA14_IRQHandler
 .text.DMA15_IRQHandler
                0x00005300        0x8 ./startup/startup_mk64f12.o
                0x00005300                DMA15_IRQHandler
 .text.DMA_Error_IRQHandler
                0x00005308        0x8 ./startup/startup_mk64f12.o
                0x00005308                DMA_Error_IRQHandler
 .text.MCM_IRQHandler
                0x00005310        0x8 ./startup/startup_mk64f12.o
                0x00005310                MCM_IRQHandler
 .text.FTFE_IRQHandler
                0x00005318        0x8 ./startup/startup_mk64f12.o
                0x00005318                FTFE_IRQHandler
 .text.Read_Collision_IRQHandler
                0x00005320        0x8 ./startup/startup_mk64f12.o
                0x00005320                Read_Collision_IRQHandler
 .text.LVD_LVW_IRQHandler
                0x00005328        0x8 ./startup/startup_mk64f12.o
                0x00005328                LVD_LVW_IRQHandler
 .text.LLWU_IRQHandler
                0x00005330        0x8 ./startup/startup_mk64f12.o
                0x00005330                LLWU_IRQHandler
 .text.WDOG_EWM_IRQHandler
                0x00005338        0x8 ./startup/startup_mk64f12.o
                0x00005338                WDOG_EWM_IRQHandler
 .text.RNG_IRQHandler
                0x00005340        0x8 ./startup/startup_mk64f12.o
                0x00005340                RNG_IRQHandler
 .text.I2C0_IRQHandler
                0x00005348        0x8 ./startup/startup_mk64f12.o
                0x00005348                I2C0_IRQHandler
 .text.I2C1_IRQHandler
                0x00005350        0x8 ./startup/startup_mk64f12.o
                0x00005350                I2C1_IRQHandler
 .text.SPI0_IRQHandler
                0x00005358        0x8 ./startup/startup_mk64f12.o
                0x00005358                SPI0_IRQHandler
 .text.SPI1_IRQHandler
                0x00005360        0x8 ./startup/startup_mk64f12.o
                0x00005360                SPI1_IRQHandler
 .text.I2S0_Tx_IRQHandler
                0x00005368        0x8 ./startup/startup_mk64f12.o
                0x00005368                I2S0_Tx_IRQHandler
 .text.I2S0_Rx_IRQHandler
                0x00005370        0x8 ./startup/startup_mk64f12.o
                0x00005370                I2S0_Rx_IRQHandler
 .text.UART0_LON_IRQHandler
                0x00005378        0x8 ./startup/startup_mk64f12.o
                0x00005378                UART0_LON_IRQHandler
 .text.UART0_RX_TX_IRQHandler
                0x00005380        0x8 ./startup/startup_mk64f12.o
                0x00005380                UART0_RX_TX_IRQHandler
 .text.UART0_ERR_IRQHandler
                0x00005388        0x8 ./startup/startup_mk64f12.o
                0x00005388                UART0_ERR_IRQHandler
 .text.UART1_RX_TX_IRQHandler
                0x00005390        0x8 ./startup/startup_mk64f12.o
                0x00005390                UART1_RX_TX_IRQHandler
 .text.UART1_ERR_IRQHandler
                0x00005398        0x8 ./startup/startup_mk64f12.o
                0x00005398                UART1_ERR_IRQHandler
 .text.UART2_RX_TX_IRQHandler
                0x000053a0        0x8 ./startup/startup_mk64f12.o
                0x000053a0                UART2_RX_TX_IRQHandler
 .text.UART2_ERR_IRQHandler
                0x000053a8        0x8 ./startup/startup_mk64f12.o
                0x000053a8                UART2_ERR_IRQHandler
 .text.UART3_RX_TX_IRQHandler
                0x000053b0        0x8 ./startup/startup_mk64f12.o
                0x000053b0                UART3_RX_TX_IRQHandler
 .text.UART3_ERR_IRQHandler
                0x000053b8        0x8 ./startup/startup_mk64f12.o
                0x000053b8                UART3_ERR_IRQHandler
 .text.ADC0_IRQHandler
                0x000053c0        0x8 ./startup/startup_mk64f12.o
                0x000053c0                ADC0_IRQHandler
 .text.CMP0_IRQHandler
                0x000053c8        0x8 ./startup/startup_mk64f12.o
                0x000053c8                CMP0_IRQHandler
 .text.CMP1_IRQHandler
                0x000053d0        0x8 ./startup/startup_mk64f12.o
                0x000053d0                CMP1_IRQHandler
 .text.FTM1_IRQHandler
                0x000053d8        0x8 ./startup/startup_mk64f12.o
                0x000053d8                FTM1_IRQHandler
 .text.FTM2_IRQHandler
                0x000053e0        0x8 ./startup/startup_mk64f12.o
                0x000053e0                FTM2_IRQHandler
 .text.CMT_IRQHandler
                0x000053e8        0x8 ./startup/startup_mk64f12.o
                0x000053e8                CMT_IRQHandler
 .text.RTC_IRQHandler
                0x000053f0        0x8 ./startup/startup_mk64f12.o
                0x000053f0                RTC_IRQHandler
 .text.RTC_Seconds_IRQHandler
                0x000053f8        0x8 ./startup/startup_mk64f12.o
                0x000053f8                RTC_Seconds_IRQHandler
 .text.PIT0_IRQHandler
                0x00005400        0x8 ./startup/startup_mk64f12.o
                0x00005400                PIT0_IRQHandler
 .text.PIT1_IRQHandler
                0x00005408        0x8 ./startup/startup_mk64f12.o
                0x00005408                PIT1_IRQHandler
 .text.PIT2_IRQHandler
                0x00005410        0x8 ./startup/startup_mk64f12.o
                0x00005410                PIT2_IRQHandler
 .text.PIT3_IRQHandler
                0x00005418        0x8 ./startup/startup_mk64f12.o
                0x00005418                PIT3_IRQHandler
 .text.PDB0_IRQHandler
                0x00005420        0x8 ./startup/startup_mk64f12.o
                0x00005420                PDB0_IRQHandler
 .text.USB0_IRQHandler
                0x00005428        0x8 ./startup/startup_mk64f12.o
                0x00005428                USB0_IRQHandler
 .text.USBDCD_IRQHandler
                0x00005430        0x8 ./startup/startup_mk64f12.o
                0x00005430                USBDCD_IRQHandler
 .text.Reserved71_IRQHandler
                0x00005438        0x8 ./startup/startup_mk64f12.o
                0x00005438                Reserved71_IRQHandler
 .text.DAC0_IRQHandler
                0x00005440        0x8 ./startup/startup_mk64f12.o
                0x00005440                DAC0_IRQHandler
 .text.MCG_IRQHandler
                0x00005448        0x8 ./startup/startup_mk64f12.o
                0x00005448                MCG_IRQHandler
 .text.LPTMR0_IRQHandler
                0x00005450        0x8 ./startup/startup_mk64f12.o
                0x00005450                LPTMR0_IRQHandler
 .text.PORTA_IRQHandler
                0x00005458        0x8 ./startup/startup_mk64f12.o
                0x00005458                PORTA_IRQHandler
 .text.PORTB_IRQHandler
                0x00005460        0x8 ./startup/startup_mk64f12.o
                0x00005460                PORTB_IRQHandler
 .text.PORTC_IRQHandler
                0x00005468        0x8 ./startup/startup_mk64f12.o
                0x00005468                PORTC_IRQHandler
 .text.PORTD_IRQHandler
                0x00005470        0x8 ./startup/startup_mk64f12.o
                0x00005470                PORTD_IRQHandler
 .text.PORTE_IRQHandler
                0x00005478        0x8 ./startup/startup_mk64f12.o
                0x00005478                PORTE_IRQHandler
 .text.SWI_IRQHandler
                0x00005480        0x8 ./startup/startup_mk64f12.o
                0x00005480                SWI_IRQHandler
 .text.SPI2_IRQHandler
                0x00005488        0x8 ./startup/startup_mk64f12.o
                0x00005488                SPI2_IRQHandler
 .text.UART4_RX_TX_IRQHandler
                0x00005490        0x8 ./startup/startup_mk64f12.o
                0x00005490                UART4_RX_TX_IRQHandler
 .text.UART4_ERR_IRQHandler
                0x00005498        0x8 ./startup/startup_mk64f12.o
                0x00005498                UART4_ERR_IRQHandler
 .text.UART5_RX_TX_IRQHandler
                0x000054a0        0x8 ./startup/startup_mk64f12.o
                0x000054a0                UART5_RX_TX_IRQHandler
 .text.UART5_ERR_IRQHandler
                0x000054a8        0x8 ./startup/startup_mk64f12.o
                0x000054a8                UART5_ERR_IRQHandler
 .text.CMP2_IRQHandler
                0x000054b0        0x8 ./startup/startup_mk64f12.o
                0x000054b0                CMP2_IRQHandler
 .text.FTM3_IRQHandler
                0x000054b8        0x8 ./startup/startup_mk64f12.o
                0x000054b8                FTM3_IRQHandler
 .text.DAC1_IRQHandler
                0x000054c0        0x8 ./startup/startup_mk64f12.o
                0x000054c0                DAC1_IRQHandler
 .text.ADC1_IRQHandler
                0x000054c8        0x8 ./startup/startup_mk64f12.o
                0x000054c8                ADC1_IRQHandler
 .text.I2C2_IRQHandler
                0x000054d0        0x8 ./startup/startup_mk64f12.o
                0x000054d0                I2C2_IRQHandler
 .text.CAN0_ORed_Message_buffer_IRQHandler
                0x000054d8        0x8 ./startup/startup_mk64f12.o
                0x000054d8                CAN0_ORed_Message_buffer_IRQHandler
 .text.CAN0_Bus_Off_IRQHandler
                0x000054e0        0x8 ./startup/startup_mk64f12.o
                0x000054e0                CAN0_Bus_Off_IRQHandler
 .text.CAN0_Error_IRQHandler
                0x000054e8        0x8 ./startup/startup_mk64f12.o
                0x000054e8                CAN0_Error_IRQHandler
 .text.CAN0_Tx_Warning_IRQHandler
                0x000054f0        0x8 ./startup/startup_mk64f12.o
                0x000054f0                CAN0_Tx_Warning_IRQHandler
 .text.CAN0_Rx_Warning_IRQHandler
                0x000054f8        0x8 ./startup/startup_mk64f12.o
                0x000054f8                CAN0_Rx_Warning_IRQHandler
 .text.CAN0_Wake_Up_IRQHandler
                0x00005500        0x8 ./startup/startup_mk64f12.o
                0x00005500                CAN0_Wake_Up_IRQHandler
 .text.SDHC_IRQHandler
                0x00005508        0x8 ./startup/startup_mk64f12.o
                0x00005508                SDHC_IRQHandler
 .text.ENET_1588_Timer_IRQHandler
                0x00005510        0x8 ./startup/startup_mk64f12.o
                0x00005510                ENET_1588_Timer_IRQHandler
 .text.ENET_Transmit_IRQHandler
                0x00005518        0x8 ./startup/startup_mk64f12.o
                0x00005518                ENET_Transmit_IRQHandler
 .text.ENET_Receive_IRQHandler
                0x00005520        0x8 ./startup/startup_mk64f12.o
                0x00005520                ENET_Receive_IRQHandler
 .text.ENET_Error_IRQHandler
                0x00005528        0x8 ./startup/startup_mk64f12.o
                0x00005528                ENET_Error_IRQHandler
 .text.HardFault_Handler
                0x00005530       0x2c ./source/semihost_hardfault.o
                0x00005530                HardFault_Handler
 .text.EnableIRQ
                0x0000555c       0x2c ./source/sensor.o
 .text.GPIO_PinWrite
                0x00005588       0x36 ./source/sensor.o
 .text.GPIO_WritePinOutput
                0x000055be       0x22 ./source/sensor.o
 .text.FTM_SetTimerPeriod
                0x000055e0       0x1c ./source/sensor.o
 .text.FTM_StartTimer
                0x000055fc       0x3a ./source/sensor.o
 .text.__slip_write
                0x00005636       0x22 ./source/sensor.o
 .text.clear_bit
                0x00005658       0x2a ./source/slip.o
 .text.set_bit  0x00005682       0x28 ./source/slip.o
 .text.test_bit
                0x000056aa       0x24 ./source/slip.o
 .text.test_and_clear_bit
                0x000056ce       0x26 ./source/slip.o
 .text.slip_esc
                0x000056f4       0x90 ./source/slip.o
 .text.slip_flush
                0x00005784       0x82 ./source/slip.o
                0x00005784                slip_flush
 .text.sl_bump  0x00005806       0x54 ./source/slip.o
 .text.slip_receive
                0x0000585a       0x34 ./source/slip.o
                0x0000585a                slip_receive
 .text.__do_crc
                0x0000588e       0x68 ./source/sreg.o
 .text.crc16    0x000058f6       0x42 ./source/sreg.o
                0x000058f6                crc16
 .text.__write  0x00005938       0x2a ./source/sreg.o
 .text.__do_read
                0x00005962       0xe0 ./source/sreg.o
 .text.sreg_push
                0x00005a42       0x22 ./source/sreg.o
                0x00005a42                sreg_push
 .text.CLOCK_GetPll0RefFreq
                0x00005a64        0xe ./drivers/fsl_clock.o
 .text.CLOCK_GetFixedFreqClkFreq
                0x00005a72       0x2e ./drivers/fsl_clock.o
                0x00005a72                CLOCK_GetFixedFreqClkFreq
 .text.CLOCK_BootToFeiMode
                0x00005aa0       0x26 ./drivers/fsl_clock.o
                0x00005aa0                CLOCK_BootToFeiMode
 .text.CLOCK_EnableClock
                0x00005ac6       0x34 ./drivers/fsl_dmamux.o
 .text.CLOCK_EnableClock
                0x00005afa       0x34 ./drivers/fsl_edma.o
 .text.EnableIRQ
                0x00005b2e       0x2c ./drivers/fsl_edma.o
 .text.DisableGlobalIRQ
                0x00005b5a       0x20 ./drivers/fsl_edma.o
 .text.EnableGlobalIRQ
                0x00005b7a       0x1e ./drivers/fsl_edma.o
 .text.CLOCK_EnableClock
                0x00005b98       0x34 ./drivers/fsl_ftm.o
 .text.FTM_EnableInterrupts
                0x00005bcc       0x86 ./drivers/fsl_ftm.o
                0x00005bcc                FTM_EnableInterrupts
 .text.FTM_ClearStatusFlags
                0x00005c52       0x68 ./drivers/fsl_ftm.o
                0x00005c52                FTM_ClearStatusFlags
 .text.GPIO_PinWrite
                0x00005cba       0x36 ./drivers/fsl_gpio.o
 .text.GPIO_WritePinOutput
                0x00005cf0       0x22 ./drivers/fsl_gpio.o
 .text.CLOCK_EnableClock
                0x00005d12       0x34 ./drivers/fsl_i2c.o
 .text.I2C_MasterClearStatusFlags
                0x00005d46       0x5a ./drivers/fsl_i2c.o
 .text.I2C_MasterStart
                0x00005da0       0x62 ./drivers/fsl_i2c.o
                0x00005da0                I2C_MasterStart
 .text.I2C_MasterRepeatedStart
                0x00005e02       0x9a ./drivers/fsl_i2c.o
                0x00005e02                I2C_MasterRepeatedStart
 .text.I2C_MasterStop
                0x00005e9c       0x3a ./drivers/fsl_i2c.o
                0x00005e9c                I2C_MasterStop
 .text.I2C_MasterGetStatusFlags
                0x00005ed6       0x4a ./drivers/fsl_i2c.o
                0x00005ed6                I2C_MasterGetStatusFlags
 .text.I2C_MasterClearStatusFlags
                0x00005f20       0x5a ./drivers/fsl_i2c_edma.o
 .text.I2C_EnableDMA
                0x00005f7a       0x40 ./drivers/fsl_i2c_edma.o
 .text.I2C_GetDataRegAddr
                0x00005fba       0x18 ./drivers/fsl_i2c_edma.o
 .text.I2C_MasterTransferCallbackEDMA
                0x00005fd2      0x134 ./drivers/fsl_i2c_edma.o
 .text.I2C_CheckAndClearError
                0x00006106       0x44 ./drivers/fsl_i2c_edma.o
 .text.I2C_MasterTransferEDMAConfig
                0x0000614a       0x98 ./drivers/fsl_i2c_edma.o
 .text.CLOCK_EnableClock
                0x000061e2       0x34 ./drivers/fsl_uart.o
 .text.UART_GetStatusFlags
                0x00006216       0x46 ./drivers/fsl_uart.o
                0x00006216                UART_GetStatusFlags
 .text.UART_ClearStatusFlags
                0x0000625c       0x8c ./drivers/fsl_uart.o
                0x0000625c                UART_ClearStatusFlags
 .text.UART_WriteBlocking
                0x000062e8       0x3e ./drivers/fsl_uart.o
                0x000062e8                UART_WriteBlocking
 .text.UART0_RX_TX_DriverIRQHandler
                0x00006326       0x10 ./drivers/fsl_uart.o
                0x00006326                UART0_RX_TX_DriverIRQHandler
 .text.UART1_RX_TX_DriverIRQHandler
                0x00006336       0x10 ./drivers/fsl_uart.o
                0x00006336                UART1_RX_TX_DriverIRQHandler
 .text.UART2_RX_TX_DriverIRQHandler
                0x00006346       0x10 ./drivers/fsl_uart.o
                0x00006346                UART2_RX_TX_DriverIRQHandler
 .text.UART3_RX_TX_DriverIRQHandler
                0x00006356       0x10 ./drivers/fsl_uart.o
                0x00006356                UART3_RX_TX_DriverIRQHandler
 .text.UART4_RX_TX_DriverIRQHandler
                0x00006366       0x10 ./drivers/fsl_uart.o
                0x00006366                UART4_RX_TX_DriverIRQHandler
 .text.UART5_RX_TX_DriverIRQHandler
                0x00006376       0x10 ./drivers/fsl_uart.o
                0x00006376                UART5_RX_TX_DriverIRQHandler
 .text.CLOCK_CONFIG_FllStableDelay
                0x00006386       0x26 ./board/clock_config.o
 .text.BOARD_InitBootClocks
                0x000063ac        0xc ./board/clock_config.o
                0x000063ac                BOARD_InitBootClocks
 .text.BOARD_InitPeripherals
                0x000063b8        0xe ./board/peripherals.o
                0x000063b8                BOARD_InitPeripherals
 .text.BOARD_InitBootPeripherals
                0x000063c6        0xc ./board/peripherals.o
                0x000063c6                BOARD_InitBootPeripherals
 .text.CLOCK_EnableClock
                0x000063d2       0x34 ./board/pin_mux.o
 .text.PORT_SetPinMux
                0x00006406       0x3a ./board/pin_mux.o
 .text.BOARD_InitBootPins
                0x00006440        0xc ./board/pin_mux.o
                0x00006440                BOARD_InitBootPins
 .text.SystemInitHook
                0x0000644c        0xe ./CMSIS/system_MK64F12.o
                0x0000644c                SystemInitHook
 .text.__main   0x0000645a        0xe d:/mcuxpressoide_10.2.1_795/ide/tools/bin/../lib/gcc/arm-none-eabi/7.2.1/../../../../arm-none-eabi/lib/thumb/v7e-m/fpv4-sp/hard\libcr_nohost_nf.a(_cr__main.o)
                0x0000645a                __main
 .text.__sys_appexit
                0x00006468        0x2 d:/mcuxpressoide_10.2.1_795/ide/tools/bin/../lib/gcc/arm-none-eabi/7.2.1/../../../../arm-none-eabi/lib/thumb/v7e-m/fpv4-sp/hard\libcr_nohost_nf.a(__sys_appexit.o)
                0x00006468                __sys_appexit
                0x00006468                __exit
 .text.memmove  0x0000646a        0x4 d:/mcuxpressoide_10.2.1_795/ide/tools/bin/../lib/gcc/arm-none-eabi/7.2.1/../../../../arm-none-eabi/lib/thumb/v7e-m/fpv4-sp/hard\libcr_c.a(memmove.o)
                0x0000646a                memmove
 .text.memset   0x0000646e        0x4 d:/mcuxpressoide_10.2.1_795/ide/tools/bin/../lib/gcc/arm-none-eabi/7.2.1/../../../../arm-none-eabi/lib/thumb/v7e-m/fpv4-sp/hard\libcr_c.a(memset.o)
                0x0000646e                memset
 .text._deferredlazyseek
                0x00006472       0x40 d:/mcuxpressoide_10.2.1_795/ide/tools/bin/../lib/gcc/arm-none-eabi/7.2.1/../../../../arm-none-eabi/lib/thumb/v7e-m/fpv4-sp/hard\libcr_c.a(_deferredlazyseek.o)
                0x00006472                _deferredlazyseek
 .text.__flsbuf
                0x000064b2      0x140 d:/mcuxpressoide_10.2.1_795/ide/tools/bin/../lib/gcc/arm-none-eabi/7.2.1/../../../../arm-none-eabi/lib/thumb/v7e-m/fpv4-sp/hard\libcr_c.a(_deferredlazyseek.o)
                0x000064b2                __flsbuf
 .text._fflush  0x000065f2       0x52 d:/mcuxpressoide_10.2.1_795/ide/tools/bin/../lib/gcc/arm-none-eabi/7.2.1/../../../../arm-none-eabi/lib/thumb/v7e-m/fpv4-sp/hard\libcr_c.a(_fflush.o)
                0x000065f2                _fflush
 .text.free     0x00006644       0x30 d:/mcuxpressoide_10.2.1_795/ide/tools/bin/../lib/gcc/arm-none-eabi/7.2.1/../../../../arm-none-eabi/lib/thumb/v7e-m/fpv4-sp/hard\libcr_c.a(alloc.o)
                0x00006644                free
 .text.calloc   0x00006674       0x50 d:/mcuxpressoide_10.2.1_795/ide/tools/bin/../lib/gcc/arm-none-eabi/7.2.1/../../../../arm-none-eabi/lib/thumb/v7e-m/fpv4-sp/hard\libcr_c.a(alloc.o)
                0x00006674                calloc
 .text.fp_round
                0x000066c4       0x4e d:/mcuxpressoide_10.2.1_795/ide/tools/bin/../lib/gcc/arm-none-eabi/7.2.1/../../../../arm-none-eabi/lib/thumb/v7e-m/fpv4-sp/hard\libcr_c.a(fpprintf.o)
 .text.pr_dec.constprop.1
                0x00006712       0x26 d:/mcuxpressoide_10.2.1_795/ide/tools/bin/../lib/gcc/arm-none-eabi/7.2.1/../../../../arm-none-eabi/lib/thumb/v7e-m/fpv4-sp/hard\libcr_c.a(fpprintf.o)
 .text.fputs    0x00006738       0x2c d:/mcuxpressoide_10.2.1_795/ide/tools/bin/../lib/gcc/arm-none-eabi/7.2.1/../../../../arm-none-eabi/lib/thumb/v7e-m/fpv4-sp/hard\libcr_c.a(fputs.o)
                0x00006738                fputs
 .text.strlen   0x00006764       0x4a d:/mcuxpressoide_10.2.1_795/ide/tools/bin/../lib/gcc/arm-none-eabi/7.2.1/../../../../arm-none-eabi/lib/thumb/v7e-m/fpv4-sp/hard\libcr_c.a(strlen.o)
                0x00006764                strlen
 .text._fdopen  0x000067ae       0x68 d:/mcuxpressoide_10.2.1_795/ide/tools/bin/../lib/gcc/arm-none-eabi/7.2.1/../../../../arm-none-eabi/lib/thumb/v7e-m/fpv4-sp/hard\libcr_c.a(_fdopen.o)
                0x000067ae                _fdopen
 .text.fclose   0x00006816       0x58 d:/mcuxpressoide_10.2.1_795/ide/tools/bin/../lib/gcc/arm-none-eabi/7.2.1/../../../../arm-none-eabi/lib/thumb/v7e-m/fpv4-sp/hard\libcr_c.a(fclose.o)
                0x00006816                fclose
 .text.remove   0x0000686e       0x14 d:/mcuxpressoide_10.2.1_795/ide/tools/bin/../lib/gcc/arm-none-eabi/7.2.1/../../../../arm-none-eabi/lib/thumb/v7e-m/fpv4-sp/hard\libcr_c.a(remove.o)
                0x0000686e                remove
 .text._do_fflush
                0x00006882       0x40 d:/mcuxpressoide_10.2.1_795/ide/tools/bin/../lib/gcc/arm-none-eabi/7.2.1/../../../../arm-none-eabi/lib/thumb/v7e-m/fpv4-sp/hard\libcr_c.a(_do_fflush.o)
                0x00006882                _do_fflush
 .text.__aeabi_division_uldivmod
                0x000068c2      0x174 d:/mcuxpressoide_10.2.1_795/ide/tools/bin/../lib/gcc/arm-none-eabi/7.2.1/thumb/v7e-m/fpv4-sp/hard\libcr_eabihelpers.a(division_64.o)
                0x000068c2                __aeabi_uldivmod
                0x000068c6                __bhs_ldivmod1
 .text.__aeabi_division_idiv0
                0x00006a36        0x2 d:/mcuxpressoide_10.2.1_795/ide/tools/bin/../lib/gcc/arm-none-eabi/7.2.1/thumb/v7e-m/fpv4-sp/hard\libcr_eabihelpers.a(division_idiv0.o)
                0x00006a36                __aeabi_idiv0
 .text.__aeabi_d2iz
                0x00006a38       0x40 d:/mcuxpressoide_10.2.1_795/ide/tools/bin/../lib/gcc/arm-none-eabi/7.2.1/thumb/v7e-m/fpv4-sp/hard\libcr_eabihelpers.a(double.o)
                0x00006a38                __aeabi_d2iz
 .text.__bhs_ui2d
                0x00006a78       0x46 d:/mcuxpressoide_10.2.1_795/ide/tools/bin/../lib/gcc/arm-none-eabi/7.2.1/thumb/v7e-m/fpv4-sp/hard\libcr_eabihelpers.a(double.o)
                0x00006a78                __bhs_ui2d
 .text.__aeabi_i2d
                0x00006abe       0x12 d:/mcuxpressoide_10.2.1_795/ide/tools/bin/../lib/gcc/arm-none-eabi/7.2.1/thumb/v7e-m/fpv4-sp/hard\libcr_eabihelpers.a(double.o)
                0x00006abe                __aeabi_i2d
 .text.__aeabi_dcmpeq
                0x00006ad0       0x30 d:/mcuxpressoide_10.2.1_795/ide/tools/bin/../lib/gcc/arm-none-eabi/7.2.1/thumb/v7e-m/fpv4-sp/hard\libcr_eabihelpers.a(double.o)
                0x00006ad0                __aeabi_dcmpeq
 .text.__aeabi_dcmplt
                0x00006b00       0x58 d:/mcuxpressoide_10.2.1_795/ide/tools/bin/../lib/gcc/arm-none-eabi/7.2.1/thumb/v7e-m/fpv4-sp/hard\libcr_eabihelpers.a(double.o)
                0x00006b00                __aeabi_dcmplt
 .text.__aeabi_dcmple
                0x00006b58       0x5a d:/mcuxpressoide_10.2.1_795/ide/tools/bin/../lib/gcc/arm-none-eabi/7.2.1/thumb/v7e-m/fpv4-sp/hard\libcr_eabihelpers.a(double.o)
                0x00006b58                __aeabi_dcmple
 .text.__aeabi_dcmpge
                0x00006bb2       0x58 d:/mcuxpressoide_10.2.1_795/ide/tools/bin/../lib/gcc/arm-none-eabi/7.2.1/thumb/v7e-m/fpv4-sp/hard\libcr_eabihelpers.a(double.o)
                0x00006bb2                __aeabi_dcmpge
 .text.__aeabi_memcpy
                0x00006c0a       0x34 d:/mcuxpressoide_10.2.1_795/ide/tools/bin/../lib/gcc/arm-none-eabi/7.2.1/thumb/v7e-m/fpv4-sp/hard\libcr_eabihelpers.a(memcpy.o)
                0x00006c0a                __aeabi_memcpy
                0x00006c14                __aeabi_memcpy8
                0x00006c14                __aeabi_memcpy4
 .text.__aeabi_memmove
                0x00006c3e       0x1c d:/mcuxpressoide_10.2.1_795/ide/tools/bin/../lib/gcc/arm-none-eabi/7.2.1/thumb/v7e-m/fpv4-sp/hard\libcr_eabihelpers.a(memcpy.o)
                0x00006c3e                __aeabi_memmove
                0x00006c3e                __aeabi_memmove4
                0x00006c3e                __aeabi_memmove8
 .text.__aeabi_memset_lowlevel
                0x00006c5a       0x32 d:/mcuxpressoide_10.2.1_795/ide/tools/bin/../lib/gcc/arm-none-eabi/7.2.1/thumb/v7e-m/fpv4-sp/hard\libcr_eabihelpers.a(memcpy.o)
                0x00006c5a                __aeabi_lowlevel_memset
 .text.__sys_close
                0x00006c8c        0x6 d:/mcuxpressoide_10.2.1_795/ide/tools/bin/../lib/gcc/arm-none-eabi/7.2.1/../../../../arm-none-eabi/lib/thumb/v7e-m/fpv4-sp/hard\libcr_nohost_nf.a(__sys_close.o)
                0x00006c8c                __sys_close
 .text.__sys_flen
                0x00006c92        0x6 d:/mcuxpressoide_10.2.1_795/ide/tools/bin/../lib/gcc/arm-none-eabi/7.2.1/../../../../arm-none-eabi/lib/thumb/v7e-m/fpv4-sp/hard\libcr_nohost_nf.a(__sys_flen.o)
                0x00006c92                __sys_flen
 .text.__sys_istty
                0x00006c98        0x6 d:/mcuxpressoide_10.2.1_795/ide/tools/bin/../lib/gcc/arm-none-eabi/7.2.1/../../../../arm-none-eabi/lib/thumb/v7e-m/fpv4-sp/hard\libcr_nohost_nf.a(__sys_istty.o)
                0x00006c98                __sys_istty
 .text.__sys_remove
                0x00006c9e        0x6 d:/mcuxpressoide_10.2.1_795/ide/tools/bin/../lib/gcc/arm-none-eabi/7.2.1/../../../../arm-none-eabi/lib/thumb/v7e-m/fpv4-sp/hard\libcr_nohost_nf.a(__sys_remove.o)
                0x00006c9e                __sys_remove
 .text.__sys_seek
                0x00006ca4        0x6 d:/mcuxpressoide_10.2.1_795/ide/tools/bin/../lib/gcc/arm-none-eabi/7.2.1/../../../../arm-none-eabi/lib/thumb/v7e-m/fpv4-sp/hard\libcr_nohost_nf.a(__sys_seek.o)
                0x00006ca4                __sys_seek
 .text.__sys_tmpnam
                0x00006caa        0x6 d:/mcuxpressoide_10.2.1_795/ide/tools/bin/../lib/gcc/arm-none-eabi/7.2.1/../../../../arm-none-eabi/lib/thumb/v7e-m/fpv4-sp/hard\libcr_nohost_nf.a(__sys_tmpnam.o)
                0x00006caa                __sys_tmpnam
 .text.__sys_write
                0x00006cb0        0x4 d:/mcuxpressoide_10.2.1_795/ide/tools/bin/../lib/gcc/arm-none-eabi/7.2.1/../../../../arm-none-eabi/lib/thumb/v7e-m/fpv4-sp/hard\libcr_nohost_nf.a(__sys_write.o)
                0x00006cb0                __sys_write
 *(SORT_BY_ALIGNMENT(.rodata) SORT_BY_ALIGNMENT(.rodata.*) SORT_BY_ALIGNMENT(.constdata) SORT_BY_ALIGNMENT(.constdata.*))
 *fill*         0x00006cb4        0x4 ff
 .rodata.__huge_vall
                0x00006cb8        0x8 d:/mcuxpressoide_10.2.1_795/ide/tools/bin/../lib/gcc/arm-none-eabi/7.2.1/../../../../arm-none-eabi/lib/thumb/v7e-m/fpv4-sp/hard\libcr_c.a(_hugeval.o)
                0x00006cb8                __huge_vall
 .rodata        0x00006cc0       0xa5 ./source/sensor.o
 *fill*         0x00006d65        0x3 ff
 .rodata        0x00006d68       0xe1 ./source/slip.o
 *fill*         0x00006e49        0x3 ff
 .rodata.__func__.5506
                0x00006e4c        0xb ./source/slip.o
 *fill*         0x00006e57        0x1 ff
 .rodata        0x00006e58       0xb2 ./source/sreg.o
 *fill*         0x00006f0a        0x2 ff
 .rodata.__func__.5545
                0x00006f0c        0x7 ./source/sreg.o
 *fill*         0x00006f13        0x1 ff
 .rodata.__func__.5564
                0x00006f14        0xb ./source/sreg.o
 *fill*         0x00006f1f        0x1 ff
 .rodata        0x00006f20      0x149 ./drivers/fsl_clock.o
 *fill*         0x00007069        0x3 ff
 .rodata.fllFactorTable.7747
                0x0000706c       0x10 ./drivers/fsl_clock.o
 .rodata        0x0000707c       0x42 ./drivers/fsl_dmamux.o
 *fill*         0x000070be        0x2 ff
 .rodata.s_edmaIRQNumber
                0x000070c0       0x10 ./drivers/fsl_edma.o
 .rodata        0x000070d0      0xbf3 ./drivers/fsl_edma.o
 *fill*         0x00007cc3        0x1 ff
 .rodata.s_ftmBases
                0x00007cc4       0x10 ./drivers/fsl_ftm.o
 .rodata.s_ftmClocks
                0x00007cd4       0x10 ./drivers/fsl_ftm.o
 .rodata        0x00007ce4      0x1e7 ./drivers/fsl_ftm.o
 *fill*         0x00007ecb        0x1 ff
 .rodata        0x00007ecc       0x63 ./drivers/fsl_gpio.o
 *fill*         0x00007f2f        0x1 ff
 .rodata.s_i2cBases
                0x00007f30        0xc ./drivers/fsl_i2c.o
                0x00007f30                s_i2cBases
 .rodata.s_i2cDividerTable
                0x00007f3c       0x80 ./drivers/fsl_i2c.o
 .rodata.s_i2cClocks
                0x00007fbc        0xc ./drivers/fsl_i2c.o
 .rodata        0x00007fc8      0x2fa ./drivers/fsl_i2c.o
 *fill*         0x000082c2        0x2 ff
 .rodata        0x000082c4      0x126 ./drivers/fsl_i2c_edma.o
 *fill*         0x000083ea        0x2 ff
 .rodata.s_uartBases
                0x000083ec       0x18 ./drivers/fsl_uart.o
 .rodata.s_uartClock
                0x00008404       0x18 ./drivers/fsl_uart.o
 .rodata        0x0000841c      0x513 ./drivers/fsl_uart.o
 *fill*         0x0000892f        0x1 ff
 .rodata.simConfig_BOARD_BootClockRUN
                0x00008930        0x8 ./board/clock_config.o
                0x00008930                simConfig_BOARD_BootClockRUN
 .rodata.__num_Ciob_streams
                0x00008938        0x4 d:/mcuxpressoide_10.2.1_795/ide/tools/bin/../lib/gcc/arm-none-eabi/7.2.1/../../../../arm-none-eabi/lib/thumb/v7e-m/fpv4-sp/hard\libcr_nohost_nf.a(__ciob.o)
                0x00008938                __num_Ciob_streams
 .rodata.__assertion_failed.str1.1
                0x0000893c       0x15 d:/mcuxpressoide_10.2.1_795/ide/tools/bin/../lib/gcc/arm-none-eabi/7.2.1/../../../../arm-none-eabi/lib/thumb/v7e-m/fpv4-sp/hard\libcr_nohost_nf.a(_cr_assert.o)
 .rodata._Csys_alloc.str1.1
                0x00008951       0x18 d:/mcuxpressoide_10.2.1_795/ide/tools/bin/../lib/gcc/arm-none-eabi/7.2.1/../../../../arm-none-eabi/lib/thumb/v7e-m/fpv4-sp/hard\libcr_c.a(alloc.o)
 .rodata.fp_display.str1.1
                0x00008969       0x32 d:/mcuxpressoide_10.2.1_795/ide/tools/bin/../lib/gcc/arm-none-eabi/7.2.1/../../../../arm-none-eabi/lib/thumb/v7e-m/fpv4-sp/hard\libcr_c.a(fpprintf.o)
                                 0x35 (size before relaxing)
 .rodata._initio.str1.1
                0x0000899b        0x4 d:/mcuxpressoide_10.2.1_795/ide/tools/bin/../lib/gcc/arm-none-eabi/7.2.1/../../../../arm-none-eabi/lib/thumb/v7e-m/fpv4-sp/hard\libcr_c.a(initio.o)
 .rodata.__vfprintf.str1.1
                0x0000899f       0x31 d:/mcuxpressoide_10.2.1_795/ide/tools/bin/../lib/gcc/arm-none-eabi/7.2.1/../../../../arm-none-eabi/lib/thumb/v7e-m/fpv4-sp/hard\libcr_c.a(printf.o)
                                 0x38 (size before relaxing)
                0x000089d0                . = ALIGN (0x8)

.glue_7         0x000089d0        0x0
 .glue_7        0x000089d0        0x0 linker stubs

.glue_7t        0x000089d0        0x0
 .glue_7t       0x000089d0        0x0 linker stubs

.vfp11_veneer   0x000089d0        0x0
 .vfp11_veneer  0x000089d0        0x0 linker stubs

.v4_bx          0x000089d0        0x0
 .v4_bx         0x000089d0        0x0 linker stubs

.iplt           0x000089d0        0x0
 .iplt          0x000089d0        0x0 ./startup/startup_mk64f12.o

.rel.dyn        0x000089d0        0x0
 .rel.iplt      0x000089d0        0x0 ./startup/startup_mk64f12.o

.ARM.extab
 *(SORT_BY_ALIGNMENT(.ARM.extab*) SORT_BY_ALIGNMENT(.gnu.linkonce.armextab.*))
                0x000089d0                __exidx_start = .

.ARM.exidx
 *(SORT_BY_ALIGNMENT(.ARM.exidx*) SORT_BY_ALIGNMENT(.gnu.linkonce.armexidx.*))
                0x000089d0                __exidx_end = .
                0x000089d0                _etext = .

.m_usb_data
 *(SORT_BY_ALIGNMENT(m_usb_bdt))

.data_RAM2      0x1fff0000        0x0 load address 0x000089d0
 FILL mask 0xff
                [!provide]                PROVIDE (__start_data_RAM2, .)
 *(SORT_BY_ALIGNMENT(.ramfunc.$RAM2))
 *(SORT_BY_ALIGNMENT(.ramfunc.$SRAM_LOWER))
 *(SORT_BY_ALIGNMENT(.data.$RAM2*))
 *(SORT_BY_ALIGNMENT(.data.$SRAM_LOWER*))
                0x1fff0000                . = ALIGN (0x8)
                [!provide]                PROVIDE (__end_data_RAM2, .)

.data_RAM3      0x14000000        0x0 load address 0x000089d0
 FILL mask 0xff
                [!provide]                PROVIDE (__start_data_RAM3, .)
 *(SORT_BY_ALIGNMENT(.ramfunc.$RAM3))
 *(SORT_BY_ALIGNMENT(.ramfunc.$FLEX_RAM))
 *(SORT_BY_ALIGNMENT(.data.$RAM3*))
 *(SORT_BY_ALIGNMENT(.data.$FLEX_RAM*))
                0x14000000                . = ALIGN (0x8)
                [!provide]                PROVIDE (__end_data_RAM3, .)

.uninit_RESERVED
                0x20000000        0x0
 *(SORT_BY_ALIGNMENT(.bss.$RESERVED*))
                0x20000000                . = ALIGN (0x4)
                0x20000000                _end_uninit_RESERVED = .

.data           0x20000000       0x18 load address 0x000089d0
 FILL mask 0xff
                0x20000000                _data = .
 *(SORT_BY_ALIGNMENT(vtable))
 *(SORT_BY_ALIGNMENT(.ramfunc*))
 *(SORT_BY_ALIGNMENT(.data*))
 .data.tick_count
                0x20000000        0x4 ./source/sensor.o
                0x20000000                tick_count
 .data.v.8998   0x20000004        0x4 ./source/sensor.o
 .data.s_slowIrcFreq
                0x20000008        0x4 ./drivers/fsl_clock.o
 .data.s_fastIrcFreq
                0x2000000c        0x4 ./drivers/fsl_clock.o
 .data.SystemCoreClock
                0x20000010        0x4 ./CMSIS/system_MK64F12.o
                0x20000010                SystemCoreClock
 .data.g_MasterCompletionFlag
                0x20000014        0x1 ./source/sensor.o
                0x20000014                g_MasterCompletionFlag
                0x20000018                . = ALIGN (0x8)
 *fill*         0x20000015        0x3 ff
                0x20000018                _edata = .

.igot.plt       0x20000018        0x0 load address 0x000089e8
 .igot.plt      0x20000018        0x0 ./startup/startup_mk64f12.o

.bss_RAM2       0x1fff0000        0x0
                [!provide]                PROVIDE (__start_bss_RAM2, .)
 *(SORT_BY_ALIGNMENT(.bss.$RAM2*))
 *(SORT_BY_ALIGNMENT(.bss.$SRAM_LOWER*))
                0x1fff0000                . = ALIGN ((. != 0x0)?0x8:0x1)
                [!provide]                PROVIDE (__end_bss_RAM2, .)

.bss_RAM3       0x14000000        0x0
                [!provide]                PROVIDE (__start_bss_RAM3, .)
 *(SORT_BY_ALIGNMENT(.bss.$RAM3*))
 *(SORT_BY_ALIGNMENT(.bss.$FLEX_RAM*))
                0x14000000                . = ALIGN ((. != 0x0)?0x8:0x1)
                [!provide]                PROVIDE (__end_bss_RAM3, .)

.bss            0x20000018      0x1c8
                0x20000018                _bss = .
 *(SORT_BY_ALIGNMENT(.bss*))
 .bss.g_m_dma_handle
                0x20000018       0x2c ./source/sensor.o
                0x20000018                g_m_dma_handle
 .bss.edmaHandle
                0x20000044       0x18 ./source/sensor.o
                0x20000044                edmaHandle
 .bss.masterConfig
                0x2000005c        0xc ./source/sensor.o
                0x2000005c                masterConfig
 .bss.masterXfer
                0x20000068       0x18 ./source/sensor.o
                0x20000068                masterXfer
 .bss.g_systickCounter
                0x20000080        0x4 ./source/sensor.o
                0x20000080                g_systickCounter
 .bss.g_xtal0Freq
                0x20000084        0x4 ./drivers/fsl_clock.o
                0x20000084                g_xtal0Freq
 .bss.g_xtal32Freq
                0x20000088        0x4 ./drivers/fsl_clock.o
                0x20000088                g_xtal32Freq
 .bss.s_EDMAHandle
                0x2000008c       0x40 ./drivers/fsl_edma.o
 .bss.s_i2cHandle
                0x200000cc        0xc ./drivers/fsl_i2c.o
 .bss.s_i2cMasterIsr
                0x200000d8        0x4 ./drivers/fsl_i2c.o
 .bss.s_i2cSlaveIsr
                0x200000dc        0x4 ./drivers/fsl_i2c.o
 .bss.s_edmaPrivateHandle
                0x200000e0       0x18 ./drivers/fsl_i2c_edma.o
 .bss.s_uartHandle
                0x200000f8       0x18 ./drivers/fsl_uart.o
 .bss.s_uartIsr
                0x20000110        0x4 ./drivers/fsl_uart.o
 .bss.__Ciob    0x20000114       0xb4 d:/mcuxpressoide_10.2.1_795/ide/tools/bin/../lib/gcc/arm-none-eabi/7.2.1/../../../../arm-none-eabi/lib/thumb/v7e-m/fpv4-sp/hard\libcr_nohost_nf.a(__ciob.o)
                0x20000114                __Ciob
 .bss.__end_of_heap
                0x200001c8        0x4 d:/mcuxpressoide_10.2.1_795/ide/tools/bin/../lib/gcc/arm-none-eabi/7.2.1/../../../../arm-none-eabi/lib/thumb/v7e-m/fpv4-sp/hard\libcr_c.a(__init_alloc.o)
                0x200001c8                __end_of_heap
 .bss.__heaps   0x200001cc        0x4 d:/mcuxpressoide_10.2.1_795/ide/tools/bin/../lib/gcc/arm-none-eabi/7.2.1/../../../../arm-none-eabi/lib/thumb/v7e-m/fpv4-sp/hard\libcr_c.a(__init_alloc.o)
                0x200001cc                __heaps
 .bss.errno     0x200001d0        0x4 d:/mcuxpressoide_10.2.1_795/ide/tools/bin/../lib/gcc/arm-none-eabi/7.2.1/../../../../arm-none-eabi/lib/thumb/v7e-m/fpv4-sp/hard\libcr_c.a(errno.o)
                0x200001d0                errno
 .bss.hmi_value
                0x200001d4        0x2 ./source/sensor.o
                0x200001d4                hmi_value
 .bss.g_master_txBuff
                0x200001d6        0x2 ./source/sensor.o
                0x200001d6                g_master_txBuff
 .bss.StartInstanceNum.8003
                0x200001d8        0x1 ./drivers/fsl_edma.o
 *(SORT_BY_ALIGNMENT(COMMON))
                0x200001e0                . = ALIGN (0x8)
 *fill*         0x200001d9        0x7 
                0x200001e0                _ebss = .
                [!provide]                PROVIDE (end, .)

.noinit_RAM2    0x1fff0000        0x0
 *(SORT_BY_ALIGNMENT(.noinit.$RAM2*))
 *(SORT_BY_ALIGNMENT(.noinit.$SRAM_LOWER*))
                0x1fff0000                . = ALIGN (0x8)

.noinit_RAM3    0x14000000        0x0
 *(SORT_BY_ALIGNMENT(.noinit.$RAM3*))
 *(SORT_BY_ALIGNMENT(.noinit.$FLEX_RAM*))
                0x14000000                . = ALIGN (0x8)

.noinit         0x200001e0        0x0
                0x200001e0                _noinit = .
 *(SORT_BY_ALIGNMENT(.noinit*))
                0x200001e0                . = ALIGN (0x8)
                0x200001e0                _end_noinit = .
                0x00001000                _HeapSize = 0x1000

.heap           0x200001e0     0x1000
                0x200001e0                _pvHeapStart = .
                0x200011e0                . = (. + _HeapSize)
 *fill*         0x200001e0     0x1000 
                0x200011e0                . = ALIGN (0x8)
                0x200011e0                _pvHeapLimit = .
                0x00001000                _StackSize = 0x1000

.heap2stackfill
                0x200011e0     0x1000
                0x200021e0                . = (. + _StackSize)
 *fill*         0x200011e0     0x1000 

.stack          0x2002f000        0x0
                0x2002f000                _vStackBase = .
                0x2002f000                . = ALIGN (0x8)
                0x20030000                _vStackTop = (. + _StackSize)
                0x00000000                _image_start = LOADADDR (.text)
                0x000089e8                _image_end = (LOADADDR (.data) + SIZEOF (.data))
                0x000089e8                _image_size = (_image_end - _image_start)
OUTPUT(sensor.axf elf32-littlearm)

.debug_info     0x00000000     0xefd7
 .debug_info    0x00000000      0x8b0 ./startup/startup_mk64f12.o
 .debug_info    0x000008b0       0x3b ./source/semihost_hardfault.o
 .debug_info    0x000008eb     0x232f ./source/sensor.o
 .debug_info    0x00002c1a      0x622 ./source/slip.o
 .debug_info    0x0000323c      0x642 ./source/sreg.o
 .debug_info    0x0000387e     0x1e9f ./drivers/fsl_clock.o
 .debug_info    0x0000571d      0x5f4 ./drivers/fsl_dmamux.o
 .debug_info    0x00005d11     0x1fec ./drivers/fsl_edma.o
 .debug_info    0x00007cfd     0x1336 ./drivers/fsl_ftm.o
 .debug_info    0x00009033      0x61a ./drivers/fsl_gpio.o
 .debug_info    0x0000964d     0x1c33 ./drivers/fsl_i2c.o
 .debug_info    0x0000b280      0xf74 ./drivers/fsl_i2c_edma.o
 .debug_info    0x0000c1f4     0x19df ./drivers/fsl_uart.o
 .debug_info    0x0000dbd3      0x7d4 ./board/clock_config.o
 .debug_info    0x0000e3a7       0x4c ./board/peripherals.o
 .debug_info    0x0000e3f3      0x5b3 ./board/pin_mux.o
 .debug_info    0x0000e9a6      0x631 ./CMSIS/system_MK64F12.o

.debug_abbrev   0x00000000     0x22d2
 .debug_abbrev  0x00000000      0x15c ./startup/startup_mk64f12.o
 .debug_abbrev  0x0000015c       0x2f ./source/semihost_hardfault.o
 .debug_abbrev  0x0000018b      0x341 ./source/sensor.o
 .debug_abbrev  0x000004cc      0x1e6 ./source/slip.o
 .debug_abbrev  0x000006b2      0x1b9 ./source/sreg.o
 .debug_abbrev  0x0000086b      0x321 ./drivers/fsl_clock.o
 .debug_abbrev  0x00000b8c      0x190 ./drivers/fsl_dmamux.o
 .debug_abbrev  0x00000d1c      0x3a7 ./drivers/fsl_edma.o
 .debug_abbrev  0x000010c3      0x279 ./drivers/fsl_ftm.o
 .debug_abbrev  0x0000133c      0x1ae ./drivers/fsl_gpio.o
 .debug_abbrev  0x000014ea      0x34f ./drivers/fsl_i2c.o
 .debug_abbrev  0x00001839      0x2bf ./drivers/fsl_i2c_edma.o
 .debug_abbrev  0x00001af8      0x303 ./drivers/fsl_uart.o
 .debug_abbrev  0x00001dfb      0x181 ./board/clock_config.o
 .debug_abbrev  0x00001f7c       0x47 ./board/peripherals.o
 .debug_abbrev  0x00001fc3      0x1bb ./board/pin_mux.o
 .debug_abbrev  0x0000217e      0x154 ./CMSIS/system_MK64F12.o

.debug_aranges  0x00000000      0xe58
 .debug_aranges
                0x00000000      0x330 ./startup/startup_mk64f12.o
 .debug_aranges
                0x00000330       0x20 ./source/semihost_hardfault.o
 .debug_aranges
                0x00000350       0xb0 ./source/sensor.o
 .debug_aranges
                0x00000400       0x80 ./source/slip.o
 .debug_aranges
                0x00000480       0x70 ./source/sreg.o
 .debug_aranges
                0x000004f0      0x1e8 ./drivers/fsl_clock.o
 .debug_aranges
                0x000006d8       0x40 ./drivers/fsl_dmamux.o
 .debug_aranges
                0x00000718      0x210 ./drivers/fsl_edma.o
 .debug_aranges
                0x00000928       0xc0 ./drivers/fsl_ftm.o
 .debug_aranges
                0x000009e8       0x48 ./drivers/fsl_gpio.o
 .debug_aranges
                0x00000a30      0x180 ./drivers/fsl_i2c.o
 .debug_aranges
                0x00000bb0       0x70 ./drivers/fsl_i2c_edma.o
 .debug_aranges
                0x00000c20      0x170 ./drivers/fsl_uart.o
 .debug_aranges
                0x00000d90       0x38 ./board/clock_config.o
 .debug_aranges
                0x00000dc8       0x28 ./board/peripherals.o
 .debug_aranges
                0x00000df0       0x38 ./board/pin_mux.o
 .debug_aranges
                0x00000e28       0x30 ./CMSIS/system_MK64F12.o

.debug_ranges   0x00000000      0xd48
 .debug_ranges  0x00000000      0x320 ./startup/startup_mk64f12.o
 .debug_ranges  0x00000320       0x10 ./source/semihost_hardfault.o
 .debug_ranges  0x00000330       0xa0 ./source/sensor.o
 .debug_ranges  0x000003d0       0x70 ./source/slip.o
 .debug_ranges  0x00000440       0x60 ./source/sreg.o
 .debug_ranges  0x000004a0      0x1d8 ./drivers/fsl_clock.o
 .debug_ranges  0x00000678       0x30 ./drivers/fsl_dmamux.o
 .debug_ranges  0x000006a8      0x200 ./drivers/fsl_edma.o
 .debug_ranges  0x000008a8       0xb0 ./drivers/fsl_ftm.o
 .debug_ranges  0x00000958       0x38 ./drivers/fsl_gpio.o
 .debug_ranges  0x00000990      0x170 ./drivers/fsl_i2c.o
 .debug_ranges  0x00000b00       0x60 ./drivers/fsl_i2c_edma.o
 .debug_ranges  0x00000b60      0x160 ./drivers/fsl_uart.o
 .debug_ranges  0x00000cc0       0x28 ./board/clock_config.o
 .debug_ranges  0x00000ce8       0x18 ./board/peripherals.o
 .debug_ranges  0x00000d00       0x28 ./board/pin_mux.o
 .debug_ranges  0x00000d28       0x20 ./CMSIS/system_MK64F12.o

.debug_macro    0x00000000    0x128c5
 .debug_macro   0x00000000       0x29 ./startup/startup_mk64f12.o
 .debug_macro   0x00000029      0xa90 ./startup/startup_mk64f12.o
 .debug_macro   0x00000ab9       0x11 ./source/semihost_hardfault.o
 .debug_macro   0x00000aca      0x1db ./source/sensor.o
 .debug_macro   0x00000ca5       0x10 ./source/sensor.o
 .debug_macro   0x00000cb5      0x12d ./source/sensor.o
 .debug_macro   0x00000de2       0xae ./source/sensor.o
 .debug_macro   0x00000e90       0x10 ./source/sensor.o
 .debug_macro   0x00000ea0       0x16 ./source/sensor.o
 .debug_macro   0x00000eb6       0x22 ./source/sensor.o
 .debug_macro   0x00000ed8      0x5b2 ./source/sensor.o
 .debug_macro   0x0000148a       0x22 ./source/sensor.o
 .debug_macro   0x000014ac       0x10 ./source/sensor.o
 .debug_macro   0x000014bc       0x5c ./source/sensor.o
 .debug_macro   0x00001518       0x1c ./source/sensor.o
 .debug_macro   0x00001534       0x22 ./source/sensor.o
 .debug_macro   0x00001556       0xdf ./source/sensor.o
 .debug_macro   0x00001635      0xecf ./source/sensor.o
 .debug_macro   0x00002504       0x48 ./source/sensor.o
 .debug_macro   0x0000254c     0xe07b ./source/sensor.o
 .debug_macro   0x000105c7     0x122b ./source/sensor.o
 .debug_macro   0x000117f2       0x52 ./source/sensor.o
 .debug_macro   0x00011844      0x171 ./source/sensor.o
 .debug_macro   0x000119b5       0x74 ./source/sensor.o
 .debug_macro   0x00011a29       0x10 ./source/sensor.o
 .debug_macro   0x00011a39       0x46 ./source/sensor.o
 .debug_macro   0x00011a7f       0x1c ./source/sensor.o
 .debug_macro   0x00011a9b       0x1c ./source/sensor.o
 .debug_macro   0x00011ab7       0x10 ./source/sensor.o
 .debug_macro   0x00011ac7       0x10 ./source/sensor.o
 .debug_macro   0x00011ad7       0x1c ./source/sensor.o
 .debug_macro   0x00011af3       0x34 ./source/sensor.o
 .debug_macro   0x00011b27       0x87 ./source/slip.o
 .debug_macro   0x00011bae       0x9b ./source/sreg.o
 .debug_macro   0x00011c49       0x16 ./source/sreg.o
 .debug_macro   0x00011c5f      0x1bf ./drivers/fsl_clock.o
 .debug_macro   0x00011e1e       0x1c ./drivers/fsl_clock.o
 .debug_macro   0x00011e3a      0x109 ./drivers/fsl_dmamux.o
 .debug_macro   0x00011f43      0x10e ./drivers/fsl_edma.o
 .debug_macro   0x00012051       0x16 ./drivers/fsl_edma.o
 .debug_macro   0x00012067      0x109 ./drivers/fsl_ftm.o
 .debug_macro   0x00012170      0x109 ./drivers/fsl_gpio.o
 .debug_macro   0x00012279      0x108 ./drivers/fsl_i2c.o
 .debug_macro   0x00012381       0x16 ./drivers/fsl_i2c.o
 .debug_macro   0x00012397      0x121 ./drivers/fsl_i2c_edma.o
 .debug_macro   0x000124b8      0x10f ./drivers/fsl_uart.o
 .debug_macro   0x000125c7      0x127 ./board/clock_config.o
 .debug_macro   0x000126ee       0x1b ./board/peripherals.o
 .debug_macro   0x00012709      0x10e ./board/pin_mux.o
 .debug_macro   0x00012817       0x16 ./board/pin_mux.o
 .debug_macro   0x0001282d       0x98 ./CMSIS/system_MK64F12.o

.debug_line     0x00000000     0x4ff7
 .debug_line    0x00000000      0x6d4 ./startup/startup_mk64f12.o
 .debug_line    0x000006d4       0x54 ./source/semihost_hardfault.o
 .debug_line    0x00000728      0x497 ./source/sensor.o
 .debug_line    0x00000bbf      0x241 ./source/slip.o
 .debug_line    0x00000e00      0x236 ./source/sreg.o
 .debug_line    0x00001036      0x9da ./drivers/fsl_clock.o
 .debug_line    0x00001a10      0x25f ./drivers/fsl_dmamux.o
 .debug_line    0x00001c6f      0xb5b ./drivers/fsl_edma.o
 .debug_line    0x000027ca      0x6ac ./drivers/fsl_ftm.o
 .debug_line    0x00002e76      0x280 ./drivers/fsl_gpio.o
 .debug_line    0x000030f6      0xa03 ./drivers/fsl_i2c.o
 .debug_line    0x00003af9      0x3e4 ./drivers/fsl_i2c_edma.o
 .debug_line    0x00003edd      0x9db ./drivers/fsl_uart.o
 .debug_line    0x000048b8      0x248 ./board/clock_config.o
 .debug_line    0x00004b00       0x69 ./board/peripherals.o
 .debug_line    0x00004b69      0x285 ./board/pin_mux.o
 .debug_line    0x00004dee      0x209 ./CMSIS/system_MK64F12.o

.debug_str      0x00000000    0x8109f
 .debug_str     0x00000000     0x35cd ./startup/startup_mk64f12.o
                               0x3625 (size before relaxing)
 .debug_str     0x000035cd       0x1f ./source/semihost_hardfault.o
                               0x2db6 (size before relaxing)
 .debug_str     0x000035ec    0x78b68 ./source/sensor.o
                              0x7bb11 (size before relaxing)
 .debug_str     0x0007c154      0x15f ./source/slip.o
                               0x385c (size before relaxing)
 .debug_str     0x0007c2b3       0xc8 ./source/sreg.o
                               0x4961 (size before relaxing)
 .debug_str     0x0007c37b     0x18c7 ./drivers/fsl_clock.o
                              0x7af3e (size before relaxing)
 .debug_str     0x0007dc42       0x99 ./drivers/fsl_dmamux.o
                              0x7947e (size before relaxing)
 .debug_str     0x0007dcdb      0xd90 ./drivers/fsl_edma.o
                              0x7aaff (size before relaxing)
 .debug_str     0x0007ea6b      0x8e8 ./drivers/fsl_ftm.o
                              0x7a315 (size before relaxing)
 .debug_str     0x0007f353      0x16c ./drivers/fsl_gpio.o
                              0x792f1 (size before relaxing)
 .debug_str     0x0007f4bf      0xa58 ./drivers/fsl_i2c.o
                              0x7a6d6 (size before relaxing)
 .debug_str     0x0007ff17      0x1dd ./drivers/fsl_i2c_edma.o
                              0x79c7e (size before relaxing)
 .debug_str     0x000800f4      0xba8 ./drivers/fsl_uart.o
                              0x7a82e (size before relaxing)
 .debug_str     0x00080c9c       0xe7 ./board/clock_config.o
                              0x7960f (size before relaxing)
 .debug_str     0x00080d83       0x47 ./board/peripherals.o
                               0x2ddd (size before relaxing)
 .debug_str     0x00080dca      0x219 ./board/pin_mux.o
                              0x792f0 (size before relaxing)
 .debug_str     0x00080fe3       0xbc ./CMSIS/system_MK64F12.o
                              0x77dcd (size before relaxing)

.comment        0x00000000       0x7e
 .comment       0x00000000       0x7e ./startup/startup_mk64f12.o
                                 0x7f (size before relaxing)
 .comment       0x0000007e       0x7f ./source/semihost_hardfault.o
 .comment       0x0000007e       0x7f ./source/sensor.o
 .comment       0x0000007e       0x7f ./source/slip.o
 .comment       0x0000007e       0x7f ./source/sreg.o
 .comment       0x0000007e       0x7f ./drivers/fsl_clock.o
 .comment       0x0000007e       0x7f ./drivers/fsl_dmamux.o
 .comment       0x0000007e       0x7f ./drivers/fsl_edma.o
 .comment       0x0000007e       0x7f ./drivers/fsl_ftm.o
 .comment       0x0000007e       0x7f ./drivers/fsl_gpio.o
 .comment       0x0000007e       0x7f ./drivers/fsl_i2c.o
 .comment       0x0000007e       0x7f ./drivers/fsl_i2c_edma.o
 .comment       0x0000007e       0x7f ./drivers/fsl_uart.o
 .comment       0x0000007e       0x7f ./board/clock_config.o
 .comment       0x0000007e       0x7f ./board/peripherals.o
 .comment       0x0000007e       0x7f ./board/pin_mux.o
 .comment       0x0000007e       0x7f ./CMSIS/system_MK64F12.o
 .comment       0x0000007e       0x7f d:/mcuxpressoide_10.2.1_795/ide/tools/bin/../lib/gcc/arm-none-eabi/7.2.1/../../../../arm-none-eabi/lib/thumb/v7e-m/fpv4-sp/hard\libcr_nohost_nf.a(__ciob.o)
 .comment       0x0000007e       0x7f d:/mcuxpressoide_10.2.1_795/ide/tools/bin/../lib/gcc/arm-none-eabi/7.2.1/../../../../arm-none-eabi/lib/thumb/v7e-m/fpv4-sp/hard\libcr_nohost_nf.a(_cr__main.o)
 .comment       0x0000007e       0x7f d:/mcuxpressoide_10.2.1_795/ide/tools/bin/../lib/gcc/arm-none-eabi/7.2.1/../../../../arm-none-eabi/lib/thumb/v7e-m/fpv4-sp/hard\libcr_nohost_nf.a(_cr_assert.o)
 .comment       0x0000007e       0x7f d:/mcuxpressoide_10.2.1_795/ide/tools/bin/../lib/gcc/arm-none-eabi/7.2.1/../../../../arm-none-eabi/lib/thumb/v7e-m/fpv4-sp/hard\libcr_nohost_nf.a(__sys_appexit.o)
 .comment       0x0000007e       0x7f d:/mcuxpressoide_10.2.1_795/ide/tools/bin/../lib/gcc/arm-none-eabi/7.2.1/../../../../arm-none-eabi/lib/thumb/v7e-m/fpv4-sp/hard\libcr_c.a(memmove.o)
 .comment       0x0000007e       0x7f d:/mcuxpressoide_10.2.1_795/ide/tools/bin/../lib/gcc/arm-none-eabi/7.2.1/../../../../arm-none-eabi/lib/thumb/v7e-m/fpv4-sp/hard\libcr_c.a(memset.o)
 .comment       0x0000007e       0x7f d:/mcuxpressoide_10.2.1_795/ide/tools/bin/../lib/gcc/arm-none-eabi/7.2.1/../../../../arm-none-eabi/lib/thumb/v7e-m/fpv4-sp/hard\libcr_c.a(_deferredlazyseek.o)
 .comment       0x0000007e       0x7f d:/mcuxpressoide_10.2.1_795/ide/tools/bin/../lib/gcc/arm-none-eabi/7.2.1/../../../../arm-none-eabi/lib/thumb/v7e-m/fpv4-sp/hard\libcr_c.a(_fflush.o)
 .comment       0x0000007e       0x7f d:/mcuxpressoide_10.2.1_795/ide/tools/bin/../lib/gcc/arm-none-eabi/7.2.1/../../../../arm-none-eabi/lib/thumb/v7e-m/fpv4-sp/hard\libcr_c.a(_writebuf.o)
 .comment       0x0000007e       0x7f d:/mcuxpressoide_10.2.1_795/ide/tools/bin/../lib/gcc/arm-none-eabi/7.2.1/../../../../arm-none-eabi/lib/thumb/v7e-m/fpv4-sp/hard\libcr_c.a(alloc.o)
 .comment       0x0000007e       0x7f d:/mcuxpressoide_10.2.1_795/ide/tools/bin/../lib/gcc/arm-none-eabi/7.2.1/../../../../arm-none-eabi/lib/thumb/v7e-m/fpv4-sp/hard\libcr_c.a(fpprintf.o)
 .comment       0x0000007e       0x7f d:/mcuxpressoide_10.2.1_795/ide/tools/bin/../lib/gcc/arm-none-eabi/7.2.1/../../../../arm-none-eabi/lib/thumb/v7e-m/fpv4-sp/hard\libcr_c.a(fputs.o)
 .comment       0x0000007e       0x7f d:/mcuxpressoide_10.2.1_795/ide/tools/bin/../lib/gcc/arm-none-eabi/7.2.1/../../../../arm-none-eabi/lib/thumb/v7e-m/fpv4-sp/hard\libcr_c.a(fseek.o)
 .comment       0x0000007e       0x7f d:/mcuxpressoide_10.2.1_795/ide/tools/bin/../lib/gcc/arm-none-eabi/7.2.1/../../../../arm-none-eabi/lib/thumb/v7e-m/fpv4-sp/hard\libcr_c.a(ftell.o)
 .comment       0x0000007e       0x7f d:/mcuxpressoide_10.2.1_795/ide/tools/bin/../lib/gcc/arm-none-eabi/7.2.1/../../../../arm-none-eabi/lib/thumb/v7e-m/fpv4-sp/hard\libcr_c.a(initio.o)
 .comment       0x0000007e       0x7f d:/mcuxpressoide_10.2.1_795/ide/tools/bin/../lib/gcc/arm-none-eabi/7.2.1/../../../../arm-none-eabi/lib/thumb/v7e-m/fpv4-sp/hard\libcr_c.a(printf.o)
 .comment       0x0000007e       0x7f d:/mcuxpressoide_10.2.1_795/ide/tools/bin/../lib/gcc/arm-none-eabi/7.2.1/../../../../arm-none-eabi/lib/thumb/v7e-m/fpv4-sp/hard\libcr_c.a(setvbuf.o)
 .comment       0x0000007e       0x7f d:/mcuxpressoide_10.2.1_795/ide/tools/bin/../lib/gcc/arm-none-eabi/7.2.1/../../../../arm-none-eabi/lib/thumb/v7e-m/fpv4-sp/hard\libcr_c.a(strlen.o)
 .comment       0x0000007e       0x7f d:/mcuxpressoide_10.2.1_795/ide/tools/bin/../lib/gcc/arm-none-eabi/7.2.1/../../../../arm-none-eabi/lib/thumb/v7e-m/fpv4-sp/hard\libcr_c.a(__init_alloc.o)
 .comment       0x0000007e       0x7f d:/mcuxpressoide_10.2.1_795/ide/tools/bin/../lib/gcc/arm-none-eabi/7.2.1/../../../../arm-none-eabi/lib/thumb/v7e-m/fpv4-sp/hard\libcr_c.a(_cr_sbrk.o)
 .comment       0x0000007e       0x7f d:/mcuxpressoide_10.2.1_795/ide/tools/bin/../lib/gcc/arm-none-eabi/7.2.1/../../../../arm-none-eabi/lib/thumb/v7e-m/fpv4-sp/hard\libcr_c.a(_fdopen.o)
 .comment       0x0000007e       0x7f d:/mcuxpressoide_10.2.1_795/ide/tools/bin/../lib/gcc/arm-none-eabi/7.2.1/../../../../arm-none-eabi/lib/thumb/v7e-m/fpv4-sp/hard\libcr_c.a(_frexpl.o)
 .comment       0x0000007e       0x7f d:/mcuxpressoide_10.2.1_795/ide/tools/bin/../lib/gcc/arm-none-eabi/7.2.1/../../../../arm-none-eabi/lib/thumb/v7e-m/fpv4-sp/hard\libcr_c.a(_ldexpl.o)
 .comment       0x0000007e       0x7f d:/mcuxpressoide_10.2.1_795/ide/tools/bin/../lib/gcc/arm-none-eabi/7.2.1/../../../../arm-none-eabi/lib/thumb/v7e-m/fpv4-sp/hard\libcr_c.a(errno.o)
 .comment       0x0000007e       0x7f d:/mcuxpressoide_10.2.1_795/ide/tools/bin/../lib/gcc/arm-none-eabi/7.2.1/../../../../arm-none-eabi/lib/thumb/v7e-m/fpv4-sp/hard\libcr_c.a(fclose.o)
 .comment       0x0000007e       0x7f d:/mcuxpressoide_10.2.1_795/ide/tools/bin/../lib/gcc/arm-none-eabi/7.2.1/../../../../arm-none-eabi/lib/thumb/v7e-m/fpv4-sp/hard\libcr_c.a(fflush.o)
 .comment       0x0000007e       0x7f d:/mcuxpressoide_10.2.1_795/ide/tools/bin/../lib/gcc/arm-none-eabi/7.2.1/../../../../arm-none-eabi/lib/thumb/v7e-m/fpv4-sp/hard\libcr_c.a(remove.o)
 .comment       0x0000007e       0x7f d:/mcuxpressoide_10.2.1_795/ide/tools/bin/../lib/gcc/arm-none-eabi/7.2.1/../../../../arm-none-eabi/lib/thumb/v7e-m/fpv4-sp/hard\libcr_c.a(_cr_check_heap.o)
 .comment       0x0000007e       0x7f d:/mcuxpressoide_10.2.1_795/ide/tools/bin/../lib/gcc/arm-none-eabi/7.2.1/../../../../arm-none-eabi/lib/thumb/v7e-m/fpv4-sp/hard\libcr_c.a(_do_fflush.o)
 .comment       0x0000007e       0x7f d:/mcuxpressoide_10.2.1_795/ide/tools/bin/../lib/gcc/arm-none-eabi/7.2.1/../../../../arm-none-eabi/lib/thumb/v7e-m/fpv4-sp/hard\libcr_c.a(_hugeval.o)
 .comment       0x0000007e       0x7f d:/mcuxpressoide_10.2.1_795/ide/tools/bin/../lib/gcc/arm-none-eabi/7.2.1/thumb/v7e-m/fpv4-sp/hard\libcr_eabihelpers.a(double.o)
 .comment       0x0000007e       0x7f d:/mcuxpressoide_10.2.1_795/ide/tools/bin/../lib/gcc/arm-none-eabi/7.2.1/../../../../arm-none-eabi/lib/thumb/v7e-m/fpv4-sp/hard\libcr_nohost_nf.a(__sys_close.o)
 .comment       0x0000007e       0x7f d:/mcuxpressoide_10.2.1_795/ide/tools/bin/../lib/gcc/arm-none-eabi/7.2.1/../../../../arm-none-eabi/lib/thumb/v7e-m/fpv4-sp/hard\libcr_nohost_nf.a(__sys_flen.o)
 .comment       0x0000007e       0x7f d:/mcuxpressoide_10.2.1_795/ide/tools/bin/../lib/gcc/arm-none-eabi/7.2.1/../../../../arm-none-eabi/lib/thumb/v7e-m/fpv4-sp/hard\libcr_nohost_nf.a(__sys_istty.o)
 .comment       0x0000007e       0x7f d:/mcuxpressoide_10.2.1_795/ide/tools/bin/../lib/gcc/arm-none-eabi/7.2.1/../../../../arm-none-eabi/lib/thumb/v7e-m/fpv4-sp/hard\libcr_nohost_nf.a(__sys_remove.o)
 .comment       0x0000007e       0x7f d:/mcuxpressoide_10.2.1_795/ide/tools/bin/../lib/gcc/arm-none-eabi/7.2.1/../../../../arm-none-eabi/lib/thumb/v7e-m/fpv4-sp/hard\libcr_nohost_nf.a(__sys_seek.o)
 .comment       0x0000007e       0x7f d:/mcuxpressoide_10.2.1_795/ide/tools/bin/../lib/gcc/arm-none-eabi/7.2.1/../../../../arm-none-eabi/lib/thumb/v7e-m/fpv4-sp/hard\libcr_nohost_nf.a(__sys_tmpnam.o)
 .comment       0x0000007e       0x7f d:/mcuxpressoide_10.2.1_795/ide/tools/bin/../lib/gcc/arm-none-eabi/7.2.1/../../../../arm-none-eabi/lib/thumb/v7e-m/fpv4-sp/hard\libcr_nohost_nf.a(__sys_write.o)

.ARM.attributes
                0x00000000       0x37
 .ARM.attributes
                0x00000000       0x39 ./startup/startup_mk64f12.o
 .ARM.attributes
                0x00000039       0x39 ./source/semihost_hardfault.o
 .ARM.attributes
                0x00000072       0x39 ./source/sensor.o
 .ARM.attributes
                0x000000ab       0x39 ./source/slip.o
 .ARM.attributes
                0x000000e4       0x39 ./source/sreg.o
 .ARM.attributes
                0x0000011d       0x39 ./drivers/fsl_clock.o
 .ARM.attributes
                0x00000156       0x39 ./drivers/fsl_dmamux.o
 .ARM.attributes
                0x0000018f       0x39 ./drivers/fsl_edma.o
 .ARM.attributes
                0x000001c8       0x39 ./drivers/fsl_ftm.o
 .ARM.attributes
                0x00000201       0x39 ./drivers/fsl_gpio.o
 .ARM.attributes
                0x0000023a       0x39 ./drivers/fsl_i2c.o
 .ARM.attributes
                0x00000273       0x39 ./drivers/fsl_i2c_edma.o
 .ARM.attributes
                0x000002ac       0x39 ./drivers/fsl_uart.o
 .ARM.attributes
                0x000002e5       0x39 ./board/clock_config.o
 .ARM.attributes
                0x0000031e       0x39 ./board/peripherals.o
 .ARM.attributes
                0x00000357       0x39 ./board/pin_mux.o
 .ARM.attributes
                0x00000390       0x39 ./CMSIS/system_MK64F12.o
 .ARM.attributes
                0x000003c9       0x39 d:/mcuxpressoide_10.2.1_795/ide/tools/bin/../lib/gcc/arm-none-eabi/7.2.1/../../../../arm-none-eabi/lib/thumb/v7e-m/fpv4-sp/hard\libcr_nohost_nf.a(__ciob.o)
 .ARM.attributes
                0x00000402       0x39 d:/mcuxpressoide_10.2.1_795/ide/tools/bin/../lib/gcc/arm-none-eabi/7.2.1/../../../../arm-none-eabi/lib/thumb/v7e-m/fpv4-sp/hard\libcr_nohost_nf.a(_cr__main.o)
 .ARM.attributes
                0x0000043b       0x39 d:/mcuxpressoide_10.2.1_795/ide/tools/bin/../lib/gcc/arm-none-eabi/7.2.1/../../../../arm-none-eabi/lib/thumb/v7e-m/fpv4-sp/hard\libcr_nohost_nf.a(_cr_assert.o)
 .ARM.attributes
                0x00000474       0x39 d:/mcuxpressoide_10.2.1_795/ide/tools/bin/../lib/gcc/arm-none-eabi/7.2.1/../../../../arm-none-eabi/lib/thumb/v7e-m/fpv4-sp/hard\libcr_nohost_nf.a(__sys_appexit.o)
 .ARM.attributes
                0x000004ad       0x39 d:/mcuxpressoide_10.2.1_795/ide/tools/bin/../lib/gcc/arm-none-eabi/7.2.1/../../../../arm-none-eabi/lib/thumb/v7e-m/fpv4-sp/hard\libcr_c.a(memmove.o)
 .ARM.attributes
                0x000004e6       0x39 d:/mcuxpressoide_10.2.1_795/ide/tools/bin/../lib/gcc/arm-none-eabi/7.2.1/../../../../arm-none-eabi/lib/thumb/v7e-m/fpv4-sp/hard\libcr_c.a(memset.o)
 .ARM.attributes
                0x0000051f       0x39 d:/mcuxpressoide_10.2.1_795/ide/tools/bin/../lib/gcc/arm-none-eabi/7.2.1/../../../../arm-none-eabi/lib/thumb/v7e-m/fpv4-sp/hard\libcr_c.a(_deferredlazyseek.o)
 .ARM.attributes
                0x00000558       0x39 d:/mcuxpressoide_10.2.1_795/ide/tools/bin/../lib/gcc/arm-none-eabi/7.2.1/../../../../arm-none-eabi/lib/thumb/v7e-m/fpv4-sp/hard\libcr_c.a(_fflush.o)
 .ARM.attributes
                0x00000591       0x39 d:/mcuxpressoide_10.2.1_795/ide/tools/bin/../lib/gcc/arm-none-eabi/7.2.1/../../../../arm-none-eabi/lib/thumb/v7e-m/fpv4-sp/hard\libcr_c.a(_writebuf.o)
 .ARM.attributes
                0x000005ca       0x39 d:/mcuxpressoide_10.2.1_795/ide/tools/bin/../lib/gcc/arm-none-eabi/7.2.1/../../../../arm-none-eabi/lib/thumb/v7e-m/fpv4-sp/hard\libcr_c.a(alloc.o)
 .ARM.attributes
                0x00000603       0x39 d:/mcuxpressoide_10.2.1_795/ide/tools/bin/../lib/gcc/arm-none-eabi/7.2.1/../../../../arm-none-eabi/lib/thumb/v7e-m/fpv4-sp/hard\libcr_c.a(fpprintf.o)
 .ARM.attributes
                0x0000063c       0x39 d:/mcuxpressoide_10.2.1_795/ide/tools/bin/../lib/gcc/arm-none-eabi/7.2.1/../../../../arm-none-eabi/lib/thumb/v7e-m/fpv4-sp/hard\libcr_c.a(fputs.o)
 .ARM.attributes
                0x00000675       0x39 d:/mcuxpressoide_10.2.1_795/ide/tools/bin/../lib/gcc/arm-none-eabi/7.2.1/../../../../arm-none-eabi/lib/thumb/v7e-m/fpv4-sp/hard\libcr_c.a(fseek.o)
 .ARM.attributes
                0x000006ae       0x39 d:/mcuxpressoide_10.2.1_795/ide/tools/bin/../lib/gcc/arm-none-eabi/7.2.1/../../../../arm-none-eabi/lib/thumb/v7e-m/fpv4-sp/hard\libcr_c.a(ftell.o)
 .ARM.attributes
                0x000006e7       0x39 d:/mcuxpressoide_10.2.1_795/ide/tools/bin/../lib/gcc/arm-none-eabi/7.2.1/../../../../arm-none-eabi/lib/thumb/v7e-m/fpv4-sp/hard\libcr_c.a(initio.o)
 .ARM.attributes
                0x00000720       0x39 d:/mcuxpressoide_10.2.1_795/ide/tools/bin/../lib/gcc/arm-none-eabi/7.2.1/../../../../arm-none-eabi/lib/thumb/v7e-m/fpv4-sp/hard\libcr_c.a(printf.o)
 .ARM.attributes
                0x00000759       0x39 d:/mcuxpressoide_10.2.1_795/ide/tools/bin/../lib/gcc/arm-none-eabi/7.2.1/../../../../arm-none-eabi/lib/thumb/v7e-m/fpv4-sp/hard\libcr_c.a(setvbuf.o)
 .ARM.attributes
                0x00000792       0x39 d:/mcuxpressoide_10.2.1_795/ide/tools/bin/../lib/gcc/arm-none-eabi/7.2.1/../../../../arm-none-eabi/lib/thumb/v7e-m/fpv4-sp/hard\libcr_c.a(strlen.o)
 .ARM.attributes
                0x000007cb       0x39 d:/mcuxpressoide_10.2.1_795/ide/tools/bin/../lib/gcc/arm-none-eabi/7.2.1/../../../../arm-none-eabi/lib/thumb/v7e-m/fpv4-sp/hard\libcr_c.a(__init_alloc.o)
 .ARM.attributes
                0x00000804       0x39 d:/mcuxpressoide_10.2.1_795/ide/tools/bin/../lib/gcc/arm-none-eabi/7.2.1/../../../../arm-none-eabi/lib/thumb/v7e-m/fpv4-sp/hard\libcr_c.a(_cr_sbrk.o)
 .ARM.attributes
                0x0000083d       0x39 d:/mcuxpressoide_10.2.1_795/ide/tools/bin/../lib/gcc/arm-none-eabi/7.2.1/../../../../arm-none-eabi/lib/thumb/v7e-m/fpv4-sp/hard\libcr_c.a(_fdopen.o)
 .ARM.attributes
                0x00000876       0x39 d:/mcuxpressoide_10.2.1_795/ide/tools/bin/../lib/gcc/arm-none-eabi/7.2.1/../../../../arm-none-eabi/lib/thumb/v7e-m/fpv4-sp/hard\libcr_c.a(_frexpl.o)
 .ARM.attributes
                0x000008af       0x39 d:/mcuxpressoide_10.2.1_795/ide/tools/bin/../lib/gcc/arm-none-eabi/7.2.1/../../../../arm-none-eabi/lib/thumb/v7e-m/fpv4-sp/hard\libcr_c.a(_ldexpl.o)
 .ARM.attributes